Archive member included to satisfy reference by file (symbol)

C:/devkitPro/libctru/lib\libcitro2d.a(base.o)
                              mzmgame.o (C2D_Init)
C:/devkitPro/libctru/lib\libcitro2d.a(spritesheet.o)
                              level.o (C2D_SpriteSheetLoad)
C:/devkitPro/libctru/lib\libcitro2d.a(render2d.shbin.o)
                              C:/devkitPro/libctru/lib\libcitro2d.a(base.o) (render2d_shbin)
C:/devkitPro/libctru/lib\libcitro3d.a(attribs.o)
                              C:/devkitPro/libctru/lib\libcitro2d.a(base.o) (AttrInfo_Init)
C:/devkitPro/libctru/lib\libcitro3d.a(base.o)
                              C:/devkitPro/libctru/lib\libcitro3d.a(attribs.o) (__C3D_Context)
C:/devkitPro/libctru/lib\libcitro3d.a(buffers.o)
                              C:/devkitPro/libctru/lib\libcitro2d.a(base.o) (BufInfo_Init)
C:/devkitPro/libctru/lib\libcitro3d.a(drawElements.o)
                              C:/devkitPro/libctru/lib\libcitro2d.a(base.o) (C3D_DrawElements)
C:/devkitPro/libctru/lib\libcitro3d.a(effect.o)
                              C:/devkitPro/libctru/lib\libcitro3d.a(base.o) (C3D_DepthMap)
C:/devkitPro/libctru/lib\libcitro3d.a(framebuffer.o)
                              C:/devkitPro/libctru/lib\libcitro3d.a(base.o) (C3Di_FrameBufBind)
C:/devkitPro/libctru/lib\libcitro3d.a(immediate.o)
                              C:/devkitPro/libctru/lib\libcitro3d.a(base.o) (C3D_ImmSendAttrib)
C:/devkitPro/libctru/lib\libcitro3d.a(proctex.o)
                              C:/devkitPro/libctru/lib\libcitro2d.a(base.o) (C3D_ProcTexInit)
C:/devkitPro/libctru/lib\libcitro3d.a(renderqueue.o)
                              C:/devkitPro/libctru/lib\libcitro3d.a(base.o) (C3Di_RenderQueueEnableVBlank)
C:/devkitPro/libctru/lib\libcitro3d.a(tex3ds.o)
                              C:/devkitPro/libctru/lib\libcitro2d.a(spritesheet.o) (Tex3DS_TextureImport)
C:/devkitPro/libctru/lib\libcitro3d.a(texenv.o)
                              C:/devkitPro/libctru/lib\libcitro2d.a(base.o) (C3D_GetTexEnv)
C:/devkitPro/libctru/lib\libcitro3d.a(texture.o)
                              C:/devkitPro/libctru/lib\libcitro3d.a(tex3ds.o) (C3D_TexInitWithParams)
C:/devkitPro/libctru/lib\libcitro3d.a(uniforms.o)
                              C:/devkitPro/libctru/lib\libcitro3d.a(base.o) (C3D_UpdateUniforms)
C:/devkitPro/libctru/lib\libcitro3d.a(mtx_multiply.o)
                              C:/devkitPro/libctru/lib\libcitro2d.a(base.o) (Mtx_Multiply)
C:/devkitPro/libctru/lib\libcitro3d.a(mtx_ortho.o)
                              C:/devkitPro/libctru/lib\libcitro2d.a(base.o) (Mtx_Ortho)
C:/devkitPro/libctru/lib\libcitro3d.a(mtx_orthotilt.o)
                              C:/devkitPro/libctru/lib\libcitro2d.a(base.o) (Mtx_OrthoTilt)
C:/devkitPro/libctru/lib\libcitro3d.a(mtx_rotatez.o)
                              C:/devkitPro/libctru/lib\libcitro2d.a(base.o) (Mtx_RotateZ)
C:/devkitPro/libctru/lib\libcitro3d.a(mtx_scale.o)
                              C:/devkitPro/libctru/lib\libcitro2d.a(base.o) (Mtx_Scale)
C:/devkitPro/libctru/lib\libcitro3d.a(mtx_translate.o)
                              C:/devkitPro/libctru/lib\libcitro2d.a(base.o) (Mtx_Translate)
C:/devkitPro/libctru/lib\libctru.a(linear.o)
                              C:/devkitPro/libctru/lib\libcitro2d.a(base.o) (linearAlloc)
C:/devkitPro/libctru/lib\libctru.a(mem_pool.o)
                              C:/devkitPro/libctru/lib\libctru.a(linear.o) (MemPool::Allocate(MemChunk&, unsigned long, int))
C:/devkitPro/libctru/lib\libctru.a(vram.o)
                              C:/devkitPro/libctru/lib\libcitro3d.a(renderqueue.o) (vramAlloc)
C:/devkitPro/libctru/lib\libctru.a(gfx.o)
                              C:/devkitPro/libctru/lib\libcitro2d.a(base.o) (gfxIsWide)
C:/devkitPro/libctru/lib\libctru.a(os.o)
                              C:/devkitPro/libctru/lib\libcitro3d.a(buffers.o) (osConvertVirtToPhys)
C:/devkitPro/libctru/lib\libctru.a(romfs_dev.o)
                              mzmgame.o (romfsMountSelf)
C:/devkitPro/libctru/lib\libctru.a(gpu.o)
                              C:/devkitPro/libctru/lib\libcitro3d.a(base.o) (gpuCmdBufOffset)
C:/devkitPro/libctru/lib\libctru.a(gx.o)
                              C:/devkitPro/libctru/lib\libcitro3d.a(renderqueue.o) (GX_BindQueue)
C:/devkitPro/libctru/lib\libctru.a(gxqueue.o)
                              C:/devkitPro/libctru/lib\libcitro3d.a(renderqueue.o) (gxCmdQueueClear)
C:/devkitPro/libctru/lib\libctru.a(shaderProgram.o)
                              C:/devkitPro/libctru/lib\libcitro2d.a(base.o) (shaderInstanceGetUniformLocation)
C:/devkitPro/libctru/lib\libctru.a(shbin.o)
                              C:/devkitPro/libctru/lib\libcitro2d.a(base.o) (DVLB_ParseFile)
C:/devkitPro/libctru/lib\libctru.a(apt.o)
                              C:/devkitPro/libctru/lib\libcitro3d.a(base.o) (aptHook)
C:/devkitPro/libctru/lib\libctru.a(fs.o)
[...]
Memory Configuration

Name             Origin             Length             Attributes
*default*        0x00000000         0xffffffff

Linker script and memory map

                0x00000000                        __sync_synchronize = __sync_synchronize_dmb
                0x00100000                        PROVIDE (__start__ = 0x100000)
                0x00100000                        . = __start__

.text           0x00100000    0x16f98
 *(.crt0)
 .crt0          0x00100000       0x94 C:/devkitPro/devkitARM/bin/../lib/gcc/arm-none-eabi/14.2.0/../../../../arm-none-eabi/lib/armv6k/fpu/3dsx_crt0.o
                0x00100000                _start
                0x00100008                __service_ptr
                0x0010000c                __apt_appid
                0x00100010                __heap_size
                0x00100014                __linear_heap_size
                0x00100018                __system_arglist
                0x0010001c                __system_runflags
 *(.init)
 .init          0x00100094        0xc C:/devkitPro/devkitARM/bin/../lib/gcc/arm-none-eabi/14.2.0/armv6k/fpu/crti.o
                0x00100094                _init
 .init          0x001000a0        0xc C:/devkitPro/devkitARM/bin/../lib/gcc/arm-none-eabi/14.2.0/armv6k/fpu/crtn.o
                0x001000ac                        . = ALIGN (0x4)
 *(.text)
 .text          0x001000ac      0x1a0 level.o
                0x001000ac                initlevel()
                0x0010015c                rendertilemap()
                0x0010023c                killlevel()
 *fill*         0x0010024c        0x4 
 .text          0x00100250      0x780 mario.o
                0x00100250                mario::marioinit()
                0x00100538                mario::control()
                0x00100624                mario::update()
                0x00100920                mario::draw()
                0x001009c8                mario::killmario()
 .text          0x001009d0      0x260 mzmgame.o
                0x001009d0                MZMGame::gameinit(C3D_RenderTarget_tag*, C3D_RenderTarget_tag*)
                0x00100a20                MZMGame::bothrender()
                0x00100a38                MZMGame::toprender()
                0x00100a80                MZMGame::bottomrender()
                0x00100ac4                MZMGame::gameloop()
                0x00100b5c                MZMGame::gameupdate()
                0x00100b68                MZMGame::gamedraw()
                0x00100bf8                MZMGame::gamefinish()
 .text          0x00100c30      0x20c C:/devkitPro/devkitARM/bin/../lib/gcc/arm-none-eabi/14.2.0/armv6k/fpu\libgcc.a(_udivsi3.o)
                0x00100c30                __aeabi_uidiv
                0x00100c30                __udivsi3
                0x00100e1c                __aeabi_uidivmod
 .text          0x00100e3c        0x4 C:/devkitPro/devkitARM/bin/../lib/gcc/arm-none-eabi/14.2.0/armv6k/fpu\libgcc.a(_dvmd_tls.o)
                0x00100e3c                __aeabi_idiv0
                0x00100e3c                __aeabi_ldiv0
 .text          0x00100e40      0x3c0 C:/devkitPro/devkitARM/bin/../lib/gcc/arm-none-eabi/14.2.0/armv6k/fpu\libgcc.a(_arm_addsubdf3.o)
                0x00100e40                __aeabi_drsub
                0x00100e48                __aeabi_dsub
                0x00100e48                __subdf3
                0x00100e4c                __aeabi_dadd
                0x00100e4c                __adddf3
                0x001010f8                __floatunsidf
                0x001010f8                __aeabi_ui2d
                0x0010111c                __floatsidf
                0x0010111c                __aeabi_i2d
                0x00101144                __aeabi_f2d
                0x00101144                __extendsfdf2
                0x0010118c                __floatundidf
                0x0010118c                __aeabi_ul2d
                0x001011a0                __floatdidf
                0x001011a0                __aeabi_l2d
 .text          0x00101200      0x250 C:/devkitPro/devkitARM/bin/../lib/gcc/arm-none-eabi/14.2.0/armv6k/fpu\libgcc.a(_arm_addsubsf3.o)
                0x00101200                __aeabi_frsub
                0x00101208                __subsf3
                0x00101208                __aeabi_fsub
                0x0010120c                __aeabi_fadd
                0x0010120c                __addsf3
                0x0010139c                __aeabi_ui2f
                0x0010139c                __floatunsisf
                0x001013a4                __aeabi_i2f
                0x001013a4                __floatsisf
                0x001013c4                __aeabi_ul2f
                0x001013c4                __floatundisf
                0x001013d4                __aeabi_l2f
                0x001013d4                __floatdisf
 .text          0x00101450       0xd4 C:/devkitPro/devkitARM/bin/../lib/gcc/arm-none-eabi/14.2.0/armv6k/fpu\libgcc.a(_aeabi_ldivmod.o)
                0x00101450                __aeabi_ldivmod
 *fill*         0x00101524       0x1c 
 .text          0x00101540      0x390 C:/devkitPro/devkitARM/bin/../lib/gcc/arm-none-eabi/14.2.0/../../../../arm-none-eabi/lib/armv6k/fpu\libg.a(libc_a-strcmp.o)
                0x00101548                strcmp
 *(.text.*)
 .text.__do_global_dtors_aux
                0x001018d0       0x40 C:/devkitPro/devkitARM/bin/../lib/gcc/arm-none-eabi/14.2.0/armv6k/fpu/crtbegin.o
 .text.frame_dummy
                0x00101910       0x2c C:/devkitPro/devkitARM/bin/../lib/gcc/arm-none-eabi/14.2.0/armv6k/fpu/crtbegin.o
 .text.startup  0x0010193c       0xe4 main.o
                0x0010193c                main
 .text.startup  0x00101a20       0x74 mzmgame.o
 .text.C2Di_FrameEndHook
                0x00101a94       0x44 C:/devkitPro/libctru/lib\libcitro2d.a(base.o)
 .text.C2D_Init
                0x00101ad8      0x36c C:/devkitPro/libctru/lib\libcitro2d.a(base.o)
                0x00101ad8                C2D_Init
 .text.C2D_Fini
                0x00101e44       0x4c C:/devkitPro/libctru/lib\libcitro2d.a(base.o)
                0x00101e44                C2D_Fini
 .text.C2D_Prepare
                0x00101e90       0xb8 C:/devkitPro/libctru/lib\libcitro2d.a(base.o)
                0x00101e90                C2D_Prepare
 .text.C2D_Flush
                0x00101f48       0x48 C:/devkitPro/libctru/lib\libcitro2d.a(base.o)
                0x00101f48                C2D_Flush
 .text.C2D_SceneSize
                0x00101f90      0x104 C:/devkitPro/libctru/lib\libcitro2d.a(base.o)
                0x00101f90                C2D_SceneSize
 .text.C2D_CreateScreenTarget
                0x00102094       0x58 C:/devkitPro/libctru/lib\libcitro2d.a(base.o)
                0x00102094                C2D_CreateScreenTarget
 .text.C2D_TargetClear
                0x001020ec       0x64 C:/devkitPro/libctru/lib\libcitro2d.a(base.o)
                0x001020ec                C2D_TargetClear
 .text.C2Di_CalcQuad
                0x00102150      0x13c C:/devkitPro/libctru/lib\libcitro2d.a(base.o)
                0x00102150                C2Di_CalcQuad
 .text.C2Di_AppendQuad
                0x0010228c       0x58 C:/devkitPro/libctru/lib\libcitro2d.a(base.o)
                0x0010228c                C2Di_AppendQuad
 .text.C2Di_Update
                0x001022e4      0x550 C:/devkitPro/libctru/lib\libcitro2d.a(base.o)
                0x001022e4                C2Di_Update
 .text.C2D_DrawImage
                0x00102834      0x2b0 C:/devkitPro/libctru/lib\libcitro2d.a(base.o)
                0x00102834                C2D_DrawImage
 .text.C2D_SpriteSheetLoadFromHandle
                0x00102ae4       0x6c C:/devkitPro/libctru/lib\libcitro2d.a(spritesheet.o)
                0x00102ae4                C2D_SpriteSheetLoadFromHandle
 .text.C2D_SpriteSheetLoad
                0x00102b50       0x48 C:/devkitPro/libctru/lib\libcitro2d.a(spritesheet.o)
                0x00102b50                C2D_SpriteSheetLoad
 .text.C2D_SpriteSheetFree
                0x00102b98       0x28 C:/devkitPro/libctru/lib\libcitro2d.a(spritesheet.o)
                0x00102b98                C2D_SpriteSheetFree
 .text.C2D_SpriteSheetGetImage
                0x00102bc0       0x2c C:/devkitPro/libctru/lib\libcitro2d.a(spritesheet.o)
                0x00102bc0                C2D_SpriteSheetGetImage
 .text.AttrInfo_Init
                0x00102bec       0x28 C:/devkitPro/libctru/lib\libcitro3d.a(attribs.o)
                0x00102bec                AttrInfo_Init
 .text.AttrInfo_AddLoader
                0x00102c14       0x94 C:/devkitPro/libctru/lib\libcitro3d.a(attribs.o)
                0x00102c14                AttrInfo_AddLoader
 .text.C3D_SetAttrInfo
                0x00102ca8       0x54 C:/devkitPro/libctru/lib\libcitro3d.a(attribs.o)
                0x00102ca8                C3D_SetAttrInfo
 .text.C3Di_AttrInfoBind
                0x00102cfc       0x80 C:/devkitPro/libctru/lib\libcitro3d.a(attribs.o)
                0x00102cfc                C3Di_AttrInfoBind
 .text.C3Di_LightEnvUpdate
                0x00102d7c        0x4 C:/devkitPro/libctru/lib\libcitro3d.a(base.o)
                0x00102d7c                C3Di_LightEnvUpdate
 .text.C3Di_LightEnvDirty
                0x00102d80        0x4 C:/devkitPro/libctru/lib\libcitro3d.a(base.o)
                0x00102d80                C3Di_LightEnvDirty
 .text.C3Di_AptEventHook
                0x00102d84       0xb4 C:/devkitPro/libctru/lib\libcitro3d.a(base.o)
 .text.C3Di_GasUpdate
                0x00102e38        0x4 C:/devkitPro/libctru/lib\libcitro3d.a(base.o)
                0x00102e38                C3Di_GasUpdate
 .text.C3D_Init
                0x00102e3c      0x1d0 C:/devkitPro/libctru/lib\libcitro3d.a(base.o)
                0x00102e3c                C3D_Init
 .text.C3D_SetViewport
                0x0010300c       0x98 C:/devkitPro/libctru/lib\libcitro3d.a(base.o)
                0x0010300c                C3D_SetViewport
 .text.C3Di_UpdateContext
                0x001030a4      0x4e8 C:/devkitPro/libctru/lib\libcitro3d.a(base.o)
                0x001030a4                C3Di_UpdateContext
 .text.C3Di_SplitFrame
                0x0010358c       0xe0 C:/devkitPro/libctru/lib\libcitro3d.a(base.o)
                0x0010358c                C3Di_SplitFrame
 .text.C3D_Fini
                0x0010366c       0x44 C:/devkitPro/libctru/lib\libcitro3d.a(base.o)
                0x0010366c                C3D_Fini
 .text.C3D_BindProgram
                0x001036b0      0x194 C:/devkitPro/libctru/lib\libcitro3d.a(base.o)
                0x001036b0                C3D_BindProgram
 .text.BufInfo_Init
                0x00103844       0x24 C:/devkitPro/libctru/lib\libcitro3d.a(buffers.o)
                0x00103844                BufInfo_Init
 .text.BufInfo_Add
                0x00103868       0x80 C:/devkitPro/libctru/lib\libcitro3d.a(buffers.o)
                0x00103868                BufInfo_Add
 .text.C3D_SetBufInfo
                0x001038e8       0x3c C:/devkitPro/libctru/lib\libcitro3d.a(buffers.o)
                0x001038e8                C3D_SetBufInfo
 .text.C3Di_BufInfoBind
                0x00103924       0x48 C:/devkitPro/libctru/lib\libcitro3d.a(buffers.o)
                0x00103924                C3Di_BufInfoBind
 .text.C3D_DrawElements
                0x0010396c      0x21c C:/devkitPro/libctru/lib\libcitro3d.a(drawElements.o)
                0x0010396c                C3D_DrawElements
 .text.C3D_DepthMap
                0x00103b88       0x40 C:/devkitPro/libctru/lib\libcitro3d.a(effect.o)
                0x00103b88                C3D_DepthMap
 .text.C3D_CullFace
                0x00103bc8       0x1c C:/devkitPro/libctru/lib\libcitro3d.a(effect.o)
                0x00103bc8                C3D_CullFace
 .text.C3D_StencilTest
                0x00103be4       0x40 C:/devkitPro/libctru/lib\libcitro3d.a(effect.o)
                0x00103be4                C3D_StencilTest
 .text.C3D_StencilOp
                0x00103c24       0x24 C:/devkitPro/libctru/lib\libcitro3d.a(effect.o)
                0x00103c24                C3D_StencilOp
 .text.C3D_BlendingColor
                0x00103c48       0x1c C:/devkitPro/libctru/lib\libcitro3d.a(effect.o)
                0x00103c48                C3D_BlendingColor
 .text.C3D_EarlyDepthTest
                0x00103c64       0x24 C:/devkitPro/libctru/lib\libcitro3d.a(effect.o)
                0x00103c64                C3D_EarlyDepthTest
 .text.C3D_DepthTest
                0x00103c88       0x2c C:/devkitPro/libctru/lib\libcitro3d.a(effect.o)
                0x00103c88                C3D_DepthTest
 .text.C3D_AlphaTest
                0x00103cb4       0x2c C:/devkitPro/libctru/lib\libcitro3d.a(effect.o)
                0x00103cb4                C3D_AlphaTest
 .text.C3D_AlphaBlend
                0x00103ce0       0x50 C:/devkitPro/libctru/lib\libcitro3d.a(effect.o)
                0x00103ce0                C3D_AlphaBlend
 .text.C3D_FragOpMode
                0x00103d30       0x30 C:/devkitPro/libctru/lib\libcitro3d.a(effect.o)
                0x00103d30                C3D_FragOpMode
 .text.C3D_FragOpShadow
                0x00103d60       0x44 C:/devkitPro/libctru/lib\libcitro3d.a(effect.o)
                0x00103d60                C3D_FragOpShadow
 .text.C3Di_EffectBind
                0x00103da4      0x1ac C:/devkitPro/libctru/lib\libcitro3d.a(effect.o)
                0x00103da4                C3Di_EffectBind
 .text.C3D_CalcColorBufSize
                0x00103f50       0x1c C:/devkitPro/libctru/lib\libcitro3d.a(framebuffer.o)
                0x00103f50                C3D_CalcColorBufSize
 .text.C3D_CalcDepthBufSize
                0x00103f6c       0x1c C:/devkitPro/libctru/lib\libcitro3d.a(framebuffer.o)
                0x00103f6c                C3D_CalcDepthBufSize
 .text.C3D_SetFrameBuf
                0x00103f88       0x44 C:/devkitPro/libctru/lib\libcitro3d.a(framebuffer.o)
                0x00103f88                C3D_SetFrameBuf
 .text.C3Di_FrameBufBind
                0x00103fcc      0x16c C:/devkitPro/libctru/lib\libcitro3d.a(framebuffer.o)
                0x00103fcc                C3Di_FrameBufBind
 .text.C3D_FrameBufClear
                0x00104138       0xc8 C:/devkitPro/libctru/lib\libcitro3d.a(framebuffer.o)
                0x00104138                C3D_FrameBufClear
 .text.C3D_FrameBufTransfer
                0x00104200       0x44 C:/devkitPro/libctru/lib\libcitro3d.a(framebuffer.o)
                0x00104200                C3D_FrameBufTransfer
 .text.C3D_ImmSendAttrib
                0x00104244       0xa8 C:/devkitPro/libctru/lib\libcitro3d.a(immediate.o)
                0x00104244                C3D_ImmSendAttrib
 .text.C3D_ProcTexInit
                0x001042ec       0x70 C:/devkitPro/libctru/lib\libcitro3d.a(proctex.o)
                0x001042ec                C3D_ProcTexInit
 .text.C3D_ProcTexBind
                0x0010435c       0x54 C:/devkitPro/libctru/lib\libcitro3d.a(proctex.o)
                0x0010435c                C3D_ProcTexBind
 .text.C3D_ProcTexLutBind
                0x001043b0       0x5c C:/devkitPro/libctru/lib\libcitro3d.a(proctex.o)
                0x001043b0                C3D_ProcTexLutBind
 .text.ProcTexLut_FromArray
                0x0010440c       0xa4 C:/devkitPro/libctru/lib\libcitro3d.a(proctex.o)
                0x0010440c                ProcTexLut_FromArray
 .text.C3Di_ProcTexUpdate
                0x001044b0      0x178 C:/devkitPro/libctru/lib\libcitro3d.a(proctex.o)
                0x001044b0                C3Di_ProcTexUpdate
 .text.C3Di_ProcTexDirty
                0x00104628       0x68 C:/devkitPro/libctru/lib\libcitro3d.a(proctex.o)
                0x00104628                C3Di_ProcTexDirty
 .text.onVBlank0
                0x00104690       0x4c C:/devkitPro/libctru/lib\libcitro3d.a(renderqueue.o)
 .text.onVBlank1
                0x001046dc       0x4c C:/devkitPro/libctru/lib\libcitro3d.a(renderqueue.o)
 .text.C3Di_RenderTargetDestroy
                0x00104728       0x80 C:/devkitPro/libctru/lib\libcitro3d.a(renderqueue.o)
 .text.onQueueFinish
                0x001047a8       0xf4 C:/devkitPro/libctru/lib\libcitro3d.a(renderqueue.o)
 .text.C3Di_RenderQueueEnableVBlank
                0x0010489c       0x38 C:/devkitPro/libctru/lib\libcitro3d.a(renderqueue.o)
                0x0010489c                C3Di_RenderQueueEnableVBlank
 .text.C3Di_RenderQueueDisableVBlank
                0x001048d4       0x30 C:/devkitPro/libctru/lib\libcitro3d.a(renderqueue.o)
                0x001048d4                C3Di_RenderQueueDisableVBlank
 .text.C3Di_RenderQueueInit
                0x00104904       0x60 C:/devkitPro/libctru/lib\libcitro3d.a(renderqueue.o)
                0x00104904                C3Di_RenderQueueInit
 .text.C3Di_RenderQueueExit
                0x00104964       0xb4 C:/devkitPro/libctru/lib\libcitro3d.a(renderqueue.o)
                0x00104964                C3Di_RenderQueueExit
 .text.C3Di_RenderQueueWaitDone
                0x00104a18       0x34 C:/devkitPro/libctru/lib\libcitro3d.a(renderqueue.o)
                0x00104a18                C3Di_RenderQueueWaitDone
 .text.C3D_FrameBegin
                0x00104a4c       0xe8 C:/devkitPro/libctru/lib\libcitro3d.a(renderqueue.o)
                0x00104a4c                C3D_FrameBegin
 .text.C3D_FrameDrawOn
                0x00104b34       0x48 C:/devkitPro/libctru/lib\libcitro3d.a(renderqueue.o)
                0x00104b34                C3D_FrameDrawOn
 .text.C3D_FrameSplit
                0x00104b7c       0x58 C:/devkitPro/libctru/lib\libcitro3d.a(renderqueue.o)
                0x00104b7c                C3D_FrameSplit
 .text.C3D_FrameEnd
                0x00104bd4      0x1d0 C:/devkitPro/libctru/lib\libcitro3d.a(renderqueue.o)
                0x00104bd4                C3D_FrameEnd
 .text.C3D_FrameEndHook
                0x00104da4       0x1c C:/devkitPro/libctru/lib\libcitro3d.a(renderqueue.o)
                0x00104da4                C3D_FrameEndHook
 .text.C3D_RenderTargetCreate
                0x00104dc0      0x170 C:/devkitPro/libctru/lib\libcitro3d.a(renderqueue.o)
                0x00104dc0                C3D_RenderTargetCreate
 .text.C3D_RenderTargetSetOutput
                0x00104f30       0xa8 C:/devkitPro/libctru/lib\libcitro3d.a(renderqueue.o)
                0x00104f30                C3D_RenderTargetSetOutput
 .text.C3D_SyncTextureCopy
                0x00104fd8       0xfc C:/devkitPro/libctru/lib\libcitro3d.a(renderqueue.o)
                0x00104fd8                C3D_SyncTextureCopy
 .text.Tex3DSi_ImportCommon
                0x001050d4      0x3d8 C:/devkitPro/libctru/lib\libcitro3d.a(tex3ds.o)
 .text.Tex3DS_TextureImportStdio
                0x001054ac       0x38 C:/devkitPro/libctru/lib\libcitro3d.a(tex3ds.o)
                0x001054ac                Tex3DS_TextureImportStdio
 .text.Tex3DS_GetSubTexture
                0x001054e4       0x1c C:/devkitPro/libctru/lib\libcitro3d.a(tex3ds.o)
                0x001054e4                Tex3DS_GetSubTexture
 .text.Tex3DS_TextureFree
                0x00105500        0x4 C:/devkitPro/libctru/lib\libcitro3d.a(tex3ds.o)
                0x00105500                Tex3DS_TextureFree
 .text.C3D_GetTexEnv
                0x00105504       0x34 C:/devkitPro/libctru/lib\libcitro3d.a(texenv.o)
                0x00105504                C3D_GetTexEnv
 .text.C3Di_TexEnvBind
                0x00105538       0x24 C:/devkitPro/libctru/lib\libcitro3d.a(texenv.o)
                0x00105538                C3Di_TexEnvBind
 .text.C3D_TexInitWithParams
                0x0010555c      0x290 C:/devkitPro/libctru/lib\libcitro3d.a(texture.o)
                0x0010555c                C3D_TexInitWithParams
 .text.C3D_TexLoadImage
                0x001057ec       0xc8 C:/devkitPro/libctru/lib\libcitro3d.a(texture.o)
                0x001057ec                C3D_TexLoadImage
 .text.C3D_TexBind
                0x001058b4       0x44 C:/devkitPro/libctru/lib\libcitro3d.a(texture.o)
                0x001058b4                C3D_TexBind
 .text.C3D_TexDelete
                0x001058f8       0x74 C:/devkitPro/libctru/lib\libcitro3d.a(texture.o)
                0x001058f8                C3D_TexDelete
 .text.C3Di_SetTex
                0x0010596c      0x14c C:/devkitPro/libctru/lib\libcitro3d.a(texture.o)
                0x0010596c                C3Di_SetTex
 .text.C3D_UpdateUniforms
                0x00105ab8      0x290 C:/devkitPro/libctru/lib\libcitro3d.a(uniforms.o)
                0x00105ab8                C3D_UpdateUniforms
 .text.C3Di_DirtyUniforms
                0x00105d48       0xc0 C:/devkitPro/libctru/lib\libcitro3d.a(uniforms.o)
                0x00105d48                C3Di_DirtyUniforms
 .text.C3Di_LoadShaderUniforms
                0x00105e08       0xd8 C:/devkitPro/libctru/lib\libcitro3d.a(uniforms.o)
                0x00105e08                C3Di_LoadShaderUniforms
 .text.C3Di_ClearShaderUniforms
                0x00105ee0       0x28 C:/devkitPro/libctru/lib\libcitro3d.a(uniforms.o)
                0x00105ee0                C3Di_ClearShaderUniforms
 .text.Mtx_Ortho
                0x00105f08       0xcc C:/devkitPro/libctru/lib\libcitro3d.a(mtx_ortho.o)
                0x00105f08                Mtx_Ortho
 .text.Mtx_OrthoTilt
                0x00105fd4       0xcc C:/devkitPro/libctru/lib\libcitro3d.a(mtx_orthotilt.o)
                0x00105fd4                Mtx_OrthoTilt
 .text._ZL21addrMapNodeComparatorPK11rbtree_nodeS1_
                0x001060a0       0x24 C:/devkitPro/libctru/lib\libctru.a(linear.o)
 .text._ZL21addrMapNodeDestructorP11rbtree_node
                0x001060c4        0x4 C:/devkitPro/libctru/lib\libctru.a(linear.o)
 .text.linearMemAlign
                0x001060c8      0x120 C:/devkitPro/libctru/lib\libctru.a(linear.o)
                0x001060c8                linearMemAlign
 .text.linearAlloc
                0x001061e8        0x8 C:/devkitPro/libctru/lib\libctru.a(linear.o)
                0x001061e8                linearAlloc
 .text.linearFree
                0x001061f0       0x5c C:/devkitPro/libctru/lib\libctru.a(linear.o)
                0x001061f0                linearFree
 .text._ZN7MemPool13CoalesceRightEP8MemBlock
                0x0010624c       0x84 C:/devkitPro/libctru/lib\libctru.a(mem_pool.o)
                0x0010624c                MemPool::CoalesceRight(MemBlock*)
 .text._ZN7MemPool8AllocateER8MemChunkmi
                0x001062d0      0x150 C:/devkitPro/libctru/lib\libctru.a(mem_pool.o)
                0x001062d0                MemPool::Allocate(MemChunk&, unsigned long, int)
 .text._ZN7MemPool10DeallocateERK8MemChunk
                0x00106420       0xfc C:/devkitPro/libctru/lib\libctru.a(mem_pool.o)
                0x00106420                MemPool::Deallocate(MemChunk const&)
 .text._ZN7MemPool12GetFreeSpaceEv
                0x0010651c       0x30 C:/devkitPro/libctru/lib\libctru.a(mem_pool.o)
                0x0010651c                MemPool::GetFreeSpace()
 .text._ZL21addrMapNodeComparatorPK11rbtree_nodeS1_
                0x0010654c       0x24 C:/devkitPro/libctru/lib\libctru.a(vram.o)
 .text._ZL21addrMapNodeDestructorP11rbtree_node
                0x00106570        0x4 C:/devkitPro/libctru/lib\libctru.a(vram.o)
 .text.vramMemAlignAt
                0x00106574      0x244 C:/devkitPro/libctru/lib\libctru.a(vram.o)
                0x00106574                vramMemAlignAt
 .text.vramAlloc
                0x001067b8        0xc C:/devkitPro/libctru/lib\libctru.a(vram.o)
                0x001067b8                vramAlloc
 .text.vramAllocAt
                0x001067c4        0xc C:/devkitPro/libctru/lib\libctru.a(vram.o)
                0x001067c4                vramAllocAt
 .text.vramFree
                0x001067d0       0x90 C:/devkitPro/libctru/lib\libctru.a(vram.o)
                0x001067d0                vramFree
 .text.gfxPresentFramebuffer
                0x00106860       0xd0 C:/devkitPro/libctru/lib\libctru.a(gfx.o)
 .text.gfxIsWide
                0x00106930       0x1c C:/devkitPro/libctru/lib\libctru.a(gfx.o)
                0x00106930                gfxIsWide
 .text.gfxSetScreenFormat
                0x0010694c       0xec C:/devkitPro/libctru/lib\libctru.a(gfx.o)
                0x0010694c                gfxSetScreenFormat
 .text.gfxInit  0x00106a38       0xd8 C:/devkitPro/libctru/lib\libctru.a(gfx.o)
                0x00106a38                gfxInit
 .text.gfxInitDefault
                0x00106b10       0x10 C:/devkitPro/libctru/lib\libctru.a(gfx.o)
                0x00106b10                gfxInitDefault
 .text.gfxExit  0x00106b20       0xb4 C:/devkitPro/libctru/lib\libctru.a(gfx.o)
                0x00106b20                gfxExit
 .text.gfxGetFramebuffer
                0x00106bd4       0xa0 C:/devkitPro/libctru/lib\libctru.a(gfx.o)
                0x00106bd4                gfxGetFramebuffer
 .text.gfxScreenSwapBuffers
                0x00106c74       0x30 C:/devkitPro/libctru/lib\libctru.a(gfx.o)
                0x00106c74                gfxScreenSwapBuffers
 .text.osConvertVirtToPhys
                0x00106ca4       0x74 C:/devkitPro/libctru/lib\libctru.a(os.o)
                0x00106ca4                osConvertVirtToPhys
 .text.osGetTimeRef
                0x00106d18       0x54 C:/devkitPro/libctru/lib\libctru.a(os.o)
                0x00106d18                osGetTimeRef
 .text.osGetTime
                0x00106d6c       0xec C:/devkitPro/libctru/lib\libctru.a(os.o)
                0x00106d6c                osGetTime
 .text.__ctru_speedup_config
                0x00106e58       0x34 C:/devkitPro/libctru/lib\libctru.a(os.o)
                0x00106e58                __ctru_speedup_config
 .text.romfs_close
                0x00106e8c        0x8 C:/devkitPro/libctru/lib\libctru.a(romfs_dev.o)
 .text.romfs_seek
                0x00106e94       0xc4 C:/devkitPro/libctru/lib\libctru.a(romfs_dev.o)
 .text.romfs_dirreset
                0x00106f58       0x24 C:/devkitPro/libctru/lib\libctru.a(romfs_dev.o)
 .text.fill_dir
                0x00106f7c       0xc8 C:/devkitPro/libctru/lib\libctru.a(romfs_dev.o)
 .text.romfs_dirnext
                0x00107044      0x2a8 C:/devkitPro/libctru/lib\libctru.a(romfs_dev.o)
 .text.romfs_free
                0x001072ec       0x74 C:/devkitPro/libctru/lib\libctru.a(romfs_dev.o)
 .text.searchForFile.constprop.0
                0x00107360       0xd4 C:/devkitPro/libctru/lib\libctru.a(romfs_dev.o)
 .text.searchForDir.constprop.0
                0x00107434       0xd8 C:/devkitPro/libctru/lib\libctru.a(romfs_dev.o)
 .text.navigateToDir.constprop.0
                0x0010750c      0x1c0 C:/devkitPro/libctru/lib\libctru.a(romfs_dev.o)
 .text.romfs_open
                0x001076cc      0x10c C:/devkitPro/libctru/lib\libctru.a(romfs_dev.o)
 .text.romfs_chdir
                0x001077d8       0x4c C:/devkitPro/libctru/lib\libctru.a(romfs_dev.o)
 .text.romfs_diropen
                0x00107824       0x70 C:/devkitPro/libctru/lib\libctru.a(romfs_dev.o)
 .text.romfs_stat
                0x00107894      0x174 C:/devkitPro/libctru/lib\libctru.a(romfs_dev.o)
 .text.romfs_dirclose
                0x00107a08        0x8 C:/devkitPro/libctru/lib\libctru.a(romfs_dev.o)
 .text.romfs_fstat
                0x00107a10       0x84 C:/devkitPro/libctru/lib\libctru.a(romfs_dev.o)
 .text.romfs_read
                0x00107a94       0xd0 C:/devkitPro/libctru/lib\libctru.a(romfs_dev.o)
 .text.romfsMountFromFile
                0x00107b64      0x28c C:/devkitPro/libctru/lib\libctru.a(romfs_dev.o)
                0x00107b64                romfsMountFromFile
 .text.romfsMountFromCurrentProcess
                0x00107df0       0x98 C:/devkitPro/libctru/lib\libctru.a(romfs_dev.o)
                0x00107df0                romfsMountFromCurrentProcess
 .text.romfsMountSelf
                0x00107e88      0x260 C:/devkitPro/libctru/lib\libctru.a(romfs_dev.o)
                0x00107e88                romfsMountSelf
 .text.romfsUnmount
                0x001080e8       0xa4 C:/devkitPro/libctru/lib\libctru.a(romfs_dev.o)
                0x001080e8                romfsUnmount
 .text.GPUCMD_Add
                0x0010818c      0x13c C:/devkitPro/libctru/lib\libctru.a(gpu.o)
                0x0010818c                GPUCMD_Add
 .text.GPUCMD_Split
                0x001082c8       0xb0 C:/devkitPro/libctru/lib\libctru.a(gpu.o)
                0x001082c8                GPUCMD_Split
 .text.f32tof16
                0x00108378       0x34 C:/devkitPro/libctru/lib\libctru.a(gpu.o)
                0x00108378                f32tof16
 .text.f32tof24
                0x001083ac       0x34 C:/devkitPro/libctru/lib\libctru.a(gpu.o)
                0x001083ac                f32tof24
 .text.f32tof31
                0x001083e0       0x38 C:/devkitPro/libctru/lib\libctru.a(gpu.o)
                0x001083e0                f32tof31
 .text.GX_BindQueue
                0x00108418       0x10 C:/devkitPro/libctru/lib\libctru.a(gx.o)
                0x00108418                GX_BindQueue
 .text.GX_ProcessCommandList
                0x00108428       0x78 C:/devkitPro/libctru/lib\libctru.a(gx.o)
                0x00108428                GX_ProcessCommandList
 .text.GX_MemoryFill
                0x001084a0       0x74 C:/devkitPro/libctru/lib\libctru.a(gx.o)
                0x001084a0                GX_MemoryFill
 .text.GX_DisplayTransfer
                0x00108514       0x70 C:/devkitPro/libctru/lib\libctru.a(gx.o)
                0x00108514                GX_DisplayTransfer
 .text.GX_TextureCopy
                0x00108584       0x74 C:/devkitPro/libctru/lib\libctru.a(gx.o)
                0x00108584                GX_TextureCopy
 .text.gxCmdQueueDoCommands.part.0
                0x001085f8       0x68 C:/devkitPro/libctru/lib\libctru.a(gxqueue.o)
 .text.gxCmdQueueInterrupt
                0x00108660       0xc8 C:/devkitPro/libctru/lib\libctru.a(gxqueue.o)
                0x00108660                gxCmdQueueInterrupt
 .text.gxCmdQueueClear
                0x00108728       0x4c C:/devkitPro/libctru/lib\libctru.a(gxqueue.o)
                0x00108728                gxCmdQueueClear
 .text.gxCmdQueueAdd
                0x00108774       0xf8 C:/devkitPro/libctru/lib\libctru.a(gxqueue.o)
                0x00108774                gxCmdQueueAdd
 .text.gxCmdQueueRun
                0x0010886c       0x80 C:/devkitPro/libctru/lib\libctru.a(gxqueue.o)
                0x0010886c                gxCmdQueueRun
 .text.gxCmdQueueStop
                0x001088ec       0x60 C:/devkitPro/libctru/lib\libctru.a(gxqueue.o)
                0x001088ec                gxCmdQueueStop
 .text.gxCmdQueueWait
                0x0010894c       0x8c C:/devkitPro/libctru/lib\libctru.a(gxqueue.o)
                0x0010894c                gxCmdQueueWait
 .text.shaderInstanceInit
                0x001089d8      0x1d0 C:/devkitPro/libctru/lib\libctru.a(shaderProgram.o)
                0x001089d8                shaderInstanceInit
 .text.shaderInstanceGetUniformLocation
                0x00108ba8       0x18 C:/devkitPro/libctru/lib\libctru.a(shaderProgram.o)
                0x00108ba8                shaderInstanceGetUniformLocation
 .text.shaderProgramInit
                0x00108bc0       0x1c C:/devkitPro/libctru/lib\libctru.a(shaderProgram.o)
                0x00108bc0                shaderProgramInit
 .text.shaderProgramFree
                0x00108bdc       0x64 C:/devkitPro/libctru/lib\libctru.a(shaderProgram.o)
                0x00108bdc                shaderProgramFree
 .text.shaderProgramSetVsh
                0x00108c40       0x80 C:/devkitPro/libctru/lib\libctru.a(shaderProgram.o)
                0x00108c40                shaderProgramSetVsh
 .text.shaderProgramConfigure
                0x00108cc0      0x8d0 C:/devkitPro/libctru/lib\libctru.a(shaderProgram.o)
                0x00108cc0                shaderProgramConfigure
 .text.DVLE_GenerateOutmap.part.0
                0x00109590      0x1dc C:/devkitPro/libctru/lib\libctru.a(shbin.o)
 .text.DVLB_ParseFile
                0x0010976c      0x1b0 C:/devkitPro/libctru/lib\libctru.a(shbin.o)
                0x0010976c                DVLB_ParseFile
 .text.DVLB_Free
                0x0010991c       0x38 C:/devkitPro/libctru/lib\libctru.a(shbin.o)
                0x0010991c                DVLB_Free
 .text.DVLE_GetUniformRegister
                0x00109954       0x74 C:/devkitPro/libctru/lib\libctru.a(shbin.o)
                0x00109954                DVLE_GetUniformRegister
 .text.aptConvertScreenForCapture
                0x001099c8      0x1b0 C:/devkitPro/libctru/lib\libctru.a(apt.o)
 .text.aptDspSleep
                0x00109b78        0x8 C:/devkitPro/libctru/lib\libctru.a(apt.o)
                0x00109b78                aptDspSleep
 .text.aptDspWakeup
                0x00109b80        0x4 C:/devkitPro/libctru/lib\libctru.a(apt.o)
                0x00109b80                aptDspWakeup
 .text.aptDspCancel
                0x00109b84        0x4 C:/devkitPro/libctru/lib\libctru.a(apt.o)
                0x00109b84                aptDspCancel
 .text.aptSendCommand
                0x00109b88      0x158 C:/devkitPro/libctru/lib\libctru.a(apt.o)
                0x00109b88                aptSendCommand
 .text.aptExitProcess
                0x00109ce0       0x44 C:/devkitPro/libctru/lib\libctru.a(apt.o)
 .text.aptExit  0x00109d24      0x380 C:/devkitPro/libctru/lib\libctru.a(apt.o)
                0x00109d24                aptExit
 .text.aptHandleSleep
                0x0010a0a4       0xd8 C:/devkitPro/libctru/lib\libctru.a(apt.o)
                0x0010a0a4                aptHandleSleep
 .text.aptHook  0x0010a17c       0x30 C:/devkitPro/libctru/lib\libctru.a(apt.o)
                0x0010a17c                aptHook
 .text.aptUnhook
                0x0010a1ac       0x30 C:/devkitPro/libctru/lib\libctru.a(apt.o)
                0x0010a1ac                aptUnhook
 .text.APT_SleepIfShellClosed
                0x0010a1dc       0x84 C:/devkitPro/libctru/lib\libctru.a(apt.o)
                0x0010a1dc                APT_SleepIfShellClosed
 .text.aptSetSleepAllowed
                0x0010a260       0x78 C:/devkitPro/libctru/lib\libctru.a(apt.o)
                0x0010a260                aptSetSleepAllowed
 .text.APT_UnlockTransition
                0x0010a2d8       0x84 C:/devkitPro/libctru/lib\libctru.a(apt.o)
                0x0010a2d8                APT_UnlockTransition
 *fill*         0x0010a35c        0x4 
 .text.aptEventHandler
                0x0010a360      0x478 C:/devkitPro/libctru/lib\libctru.a(apt.o)
 .text.APT_ReceiveParameter
                0x0010a7d8       0xb0 C:/devkitPro/libctru/lib\libctru.a(apt.o)
                0x0010a7d8                APT_ReceiveParameter
 .text.aptReceiveParameter.constprop.0
                0x0010a888       0xac C:/devkitPro/libctru/lib\libctru.a(apt.o)
 *fill*         0x0010a934        0x4 
 .text.aptScreenTransfer
                0x0010a938      0x294 C:/devkitPro/libctru/lib\libctru.a(apt.o)
 .text.aptWaitForWakeUp.isra.0
                0x0010abcc      0x2c8 C:/devkitPro/libctru/lib\libctru.a(apt.o)
 .text.aptJumpToHomeMenu
                0x0010ae94       0xf4 C:/devkitPro/libctru/lib\libctru.a(apt.o)
                0x0010ae94                aptJumpToHomeMenu
 .text.aptMainLoop
                0x0010af88       0x48 C:/devkitPro/libctru/lib\libctru.a(apt.o)
                0x0010af88                aptMainLoop
 .text.aptInit  0x0010afd0      0x22c C:/devkitPro/libctru/lib\libctru.a(apt.o)
                0x0010afd0                aptInit
 .text.APT_CheckNew3DS
                0x0010b1fc       0x7c C:/devkitPro/libctru/lib\libctru.a(apt.o)
                0x0010b1fc                APT_CheckNew3DS
 .text.fsInit   0x0010b278       0xd0 C:/devkitPro/libctru/lib\libctru.a(fs.o)
                0x0010b278                fsInit
 .text.fsExit   0x0010b348       0x3c C:/devkitPro/libctru/lib\libctru.a(fs.o)
                0x0010b348                fsExit
 .text.fsExemptFromSession
                0x0010b384       0x60 C:/devkitPro/libctru/lib\libctru.a(fs.o)
                0x0010b384                fsExemptFromSession
 .text.fsUnexemptFromSession
                0x0010b3e4       0x50 C:/devkitPro/libctru/lib\libctru.a(fs.o)
                0x0010b3e4                fsUnexemptFromSession
 .text.FSUSER_OpenFile
                0x0010b434       0xcc C:/devkitPro/libctru/lib\libctru.a(fs.o)
                0x0010b434                FSUSER_OpenFile
 .text.FSUSER_OpenFileDirectly
                0x0010b500       0xd4 C:/devkitPro/libctru/lib\libctru.a(fs.o)
                0x0010b500                FSUSER_OpenFileDirectly
 .text.FSUSER_DeleteFile
                0x0010b5d4       0xbc C:/devkitPro/libctru/lib\libctru.a(fs.o)
                0x0010b5d4                FSUSER_DeleteFile
 .text.FSUSER_RenameFile
                0x0010b690       0xf8 C:/devkitPro/libctru/lib\libctru.a(fs.o)
                0x0010b690                FSUSER_RenameFile
 .text.FSUSER_DeleteDirectory
                0x0010b788       0xbc C:/devkitPro/libctru/lib\libctru.a(fs.o)
                0x0010b788                FSUSER_DeleteDirectory
 .text.FSUSER_CreateFile
                0x0010b844       0xd4 C:/devkitPro/libctru/lib\libctru.a(fs.o)
                0x0010b844                FSUSER_CreateFile
 .text.FSUSER_CreateDirectory
                0x0010b918       0xc4 C:/devkitPro/libctru/lib\libctru.a(fs.o)
                0x0010b918                FSUSER_CreateDirectory
 .text.FSUSER_RenameDirectory
                0x0010b9dc       0xf8 C:/devkitPro/libctru/lib\libctru.a(fs.o)
                0x0010b9dc                FSUSER_RenameDirectory
 .text.FSUSER_OpenDirectory
                0x0010bad4       0xb4 C:/devkitPro/libctru/lib\libctru.a(fs.o)
                0x0010bad4                FSUSER_OpenDirectory
 .text.FSUSER_OpenArchive
                0x0010bb88       0x94 C:/devkitPro/libctru/lib\libctru.a(fs.o)
                0x0010bb88                FSUSER_OpenArchive
 .text.FSUSER_CloseArchive
                0x0010bc1c       0x8c C:/devkitPro/libctru/lib\libctru.a(fs.o)
                0x0010bc1c                FSUSER_CloseArchive
 .text.FSUSER_GetSdmcArchiveResource
                0x0010bca8       0x74 C:/devkitPro/libctru/lib\libctru.a(fs.o)
                0x0010bca8                FSUSER_GetSdmcArchiveResource
 .text.FSUSER_IsSdmcWritable
                0x0010bd1c       0x64 C:/devkitPro/libctru/lib\libctru.a(fs.o)
                0x0010bd1c                FSUSER_IsSdmcWritable
 .text.FSFILE_Read
                0x0010bd80       0x58 C:/devkitPro/libctru/lib\libctru.a(fs.o)
                0x0010bd80                FSFILE_Read
 .text.FSFILE_Write
                0x0010bdd8       0x60 C:/devkitPro/libctru/lib\libctru.a(fs.o)
                0x0010bdd8                FSFILE_Write
 .text.FSFILE_GetSize
                0x0010be38       0x38 C:/devkitPro/libctru/lib\libctru.a(fs.o)
                0x0010be38                FSFILE_GetSize
 .text.FSFILE_SetSize
                0x0010be70       0x28 C:/devkitPro/libctru/lib\libctru.a(fs.o)
                0x0010be70                FSFILE_SetSize
 .text.FSFILE_Close
                0x0010be98       0x3c C:/devkitPro/libctru/lib\libctru.a(fs.o)
                0x0010be98                FSFILE_Close
 .text.FSFILE_Flush
                0x0010bed4       0x24 C:/devkitPro/libctru/lib\libctru.a(fs.o)
                0x0010bed4                FSFILE_Flush
 .text.FSDIR_Read
                0x0010bef8       0x50 C:/devkitPro/libctru/lib\libctru.a(fs.o)
                0x0010bef8                FSDIR_Read
 .text.FSDIR_Close
                0x0010bf48       0x3c C:/devkitPro/libctru/lib\libctru.a(fs.o)
                0x0010bf48                FSDIR_Close
 .text.gspHardwareInit
                0x0010bf84      0xc70 C:/devkitPro/libctru/lib\libctru.a(gspgpu.o)
 .text.gspInit  0x0010cbf4      0x248 C:/devkitPro/libctru/lib\libctru.a(gspgpu.o)
                0x0010cbf4                gspInit
 .text.gspExit  0x0010ce3c       0xe4 C:/devkitPro/libctru/lib\libctru.a(gspgpu.o)
                0x0010ce3c                gspExit
 .text.gspHasGpuRight
                0x0010cf20       0x10 C:/devkitPro/libctru/lib\libctru.a(gspgpu.o)
                0x0010cf20                gspHasGpuRight
 .text.gspPresentBuffer
                0x0010cf30       0xa0 C:/devkitPro/libctru/lib\libctru.a(gspgpu.o)
                0x0010cf30                gspPresentBuffer
 .text.gspSetEventCallback
                0x0010cfd0       0x30 C:/devkitPro/libctru/lib\libctru.a(gspgpu.o)
                0x0010cfd0                gspSetEventCallback
 .text.gspWaitForEvent
                0x0010d000       0x44 C:/devkitPro/libctru/lib\libctru.a(gspgpu.o)
                0x0010d000                gspWaitForEvent
 .text.gspWaitForAnyEvent
                0x0010d044       0x4c C:/devkitPro/libctru/lib\libctru.a(gspgpu.o)
                0x0010d044                gspWaitForAnyEvent
 .text.gspEventThreadMain
                0x0010d090      0x160 C:/devkitPro/libctru/lib\libctru.a(gspgpu.o)
 .text.gspSubmitGxCommand
                0x0010d1f0      0x130 C:/devkitPro/libctru/lib\libctru.a(gspgpu.o)
                0x0010d1f0                gspSubmitGxCommand
 .text.GSPGPU_FlushDataCache
                0x0010d320       0x50 C:/devkitPro/libctru/lib\libctru.a(gspgpu.o)
                0x0010d320                GSPGPU_FlushDataCache
 .text.GSPGPU_SetLcdForceBlack
                0x0010d370       0x34 C:/devkitPro/libctru/lib\libctru.a(gspgpu.o)
                0x0010d370                GSPGPU_SetLcdForceBlack
 .text.GSPGPU_AcquireRight
                0x0010d3a4       0x68 C:/devkitPro/libctru/lib\libctru.a(gspgpu.o)
                0x0010d3a4                GSPGPU_AcquireRight
 .text.GSPGPU_ReleaseRight
                0x0010d40c       0x48 C:/devkitPro/libctru/lib\libctru.a(gspgpu.o)
                0x0010d40c                GSPGPU_ReleaseRight
 .text.GSPGPU_ImportDisplayCaptureInfo
                0x0010d454       0x7c C:/devkitPro/libctru/lib\libctru.a(gspgpu.o)
                0x0010d454                GSPGPU_ImportDisplayCaptureInfo
 .text.GSPGPU_SaveVramSysArea
                0x0010d4d0       0x2c C:/devkitPro/libctru/lib\libctru.a(gspgpu.o)
                0x0010d4d0                GSPGPU_SaveVramSysArea
 .text.GSPGPU_RestoreVramSysArea
                0x0010d4fc       0x2c C:/devkitPro/libctru/lib\libctru.a(gspgpu.o)
                0x0010d4fc                GSPGPU_RestoreVramSysArea
 .text.hidShouldUseIrrst
                0x0010d528       0x24 C:/devkitPro/libctru/lib\libctru.a(hid.o)
                0x0010d528                hidShouldUseIrrst
 .text.hidInit  0x0010d54c      0x18c C:/devkitPro/libctru/lib\libctru.a(hid.o)
                0x0010d54c                hidInit
 .text.hidExit  0x0010d6d8       0xe8 C:/devkitPro/libctru/lib\libctru.a(hid.o)
                0x0010d6d8                hidExit
 .text.hidScanInput
                0x0010d7c0      0x2a4 C:/devkitPro/libctru/lib\libctru.a(hid.o)
                0x0010d7c0                hidScanInput
 .text.hidKeysHeld
                0x0010da64       0x10 C:/devkitPro/libctru/lib\libctru.a(hid.o)
                0x0010da64                hidKeysHeld
 .text.hidKeysDown
                0x0010da74       0x10 C:/devkitPro/libctru/lib\libctru.a(hid.o)
                0x0010da74                hidKeysDown
 .text.irrstInit
                0x0010da84      0x160 C:/devkitPro/libctru/lib\libctru.a(irrst.o)
                0x0010da84                irrstInit
 .text.irrstExit
                0x0010dbe4       0xcc C:/devkitPro/libctru/lib\libctru.a(irrst.o)
                0x0010dbe4                irrstExit
 .text.irrstScanInput
                0x0010dcb0       0xb4 C:/devkitPro/libctru/lib\libctru.a(irrst.o)
                0x0010dcb0                irrstScanInput
 .text.irrstKeysHeld
                0x0010dd64       0x24 C:/devkitPro/libctru/lib\libctru.a(irrst.o)
                0x0010dd64                irrstKeysHeld
 .text.mcuHwcExit
                0x0010dd88       0x3c C:/devkitPro/libctru/lib\libctru.a(mcuhwc.o)
                0x0010dd88                mcuHwcExit
 .text.ptmSysmInit
                0x0010ddc4       0x74 C:/devkitPro/libctru/lib\libctru.a(ptmsysm.o)
                0x0010ddc4                ptmSysmInit
 .text.ptmSysmExit
                0x0010de38       0x3c C:/devkitPro/libctru/lib\libctru.a(ptmsysm.o)
                0x0010de38                ptmSysmExit
 .text.PTMSYSM_ConfigureNew3DSCPU
                0x0010de74       0x34 C:/devkitPro/libctru/lib\libctru.a(ptmsysm.o)
                0x0010de74                PTMSYSM_ConfigureNew3DSCPU
 .text.ptmuExit
                0x0010dea8       0x3c C:/devkitPro/libctru/lib\libctru.a(ptmu.o)
                0x0010dea8                ptmuExit
 .text.buffer_read
                0x0010dee4       0xe0 C:/devkitPro/libctru/lib\libctru.a(decompress.o)
 .text.iov_read
                0x0010dfc4       0xcc C:/devkitPro/libctru/lib\libctru.a(decompress.o)
 .text.iov_memmove
                0x0010e090      0x148 C:/devkitPro/libctru/lib\libctru.a(decompress.o)
 .text.decompress_rle
                0x0010e1d8      0x1dc C:/devkitPro/libctru/lib\libctru.a(decompress.o)
 .text.decompress_lzss
                0x0010e3b4      0x26c C:/devkitPro/libctru/lib\libctru.a(decompress.o)
 .text.decompress_lz11
                0x0010e620      0x42c C:/devkitPro/libctru/lib\libctru.a(decompress.o)
 .text.decompress_huff
                0x0010ea4c      0x36c C:/devkitPro/libctru/lib\libctru.a(decompress.o)
 .text.decompressCallback_Stdio
                0x0010edb8       0x10 C:/devkitPro/libctru/lib\libctru.a(decompress.o)
                0x0010edb8                decompressCallback_Stdio
 .text.decompressHeader
                0x0010edc8       0xe4 C:/devkitPro/libctru/lib\libctru.a(decompress.o)
                0x0010edc8                decompressHeader
 .text.decompressV
                0x0010eeac      0x200 C:/devkitPro/libctru/lib\libctru.a(decompress.o)
                0x0010eeac                decompressV
 .text.rbtree_find
                0x0010f0ac       0x74 C:/devkitPro/libctru/lib\libctru.a(rbtree_find.o)
                0x0010f0ac                rbtree_find
 .text.rbtree_init
                0x0010f120       0x10 C:/devkitPro/libctru/lib\libctru.a(rbtree_init.o)
                0x0010f120                rbtree_init
 .text.do_insert
                0x0010f130      0x19c C:/devkitPro/libctru/lib\libctru.a(rbtree_insert.o)
 .text.rbtree_insert
                0x0010f2cc        0x8 C:/devkitPro/libctru/lib\libctru.a(rbtree_insert.o)
                0x0010f2cc                rbtree_insert
 .text.rbtree_remove
                0x0010f2d4      0x310 C:/devkitPro/libctru/lib\libctru.a(rbtree_remove.o)
                0x0010f2d4                rbtree_remove
 .text.rbtree_rotate
                0x0010f5e4       0x90 C:/devkitPro/libctru/lib\libctru.a(rbtree_rotate.o)
                0x0010f5e4                rbtree_rotate
 .text.utf16_to_utf8
                0x0010f674       0xe8 C:/devkitPro/libctru/lib\libctru.a(utf16_to_utf8.o)
                0x0010f674                utf16_to_utf8
 .text.utf8_to_utf16
                0x0010f75c       0xc0 C:/devkitPro/libctru/lib\libctru.a(utf8_to_utf16.o)
                0x0010f75c                utf8_to_utf16
 *fill*         0x0010f81c        0x4 
 .text.__system_allocateHeaps
                0x0010f820      0x1e0 C:/devkitPro/libctru/lib\libctru.a(allocateHeaps.o)
                0x0010f820                __system_allocateHeaps
 .text.__libctru_init
                0x0010fa00       0x38 C:/devkitPro/libctru/lib\libctru.a(ctru_init.o)
                0x0010fa00                __libctru_init
 .text.__system_initArgv
                0x0010fa38      0x160 C:/devkitPro/libctru/lib\libctru.a(initArgv.o)
                0x0010fa38                __system_initArgv
 .text.__syscall_getreent
                0x0010fb98       0x30 C:/devkitPro/libctru/lib\libctru.a(syscalls.o)
                0x0010fb98                __syscall_getreent
 .text.__syscall_gettod_r
                0x0010fbc8       0x64 C:/devkitPro/libctru/lib\libctru.a(syscalls.o)
                0x0010fbc8                __syscall_gettod_r
 .text.__syscall_lock_acquire
                0x0010fc2c        0x4 C:/devkitPro/libctru/lib\libctru.a(syscalls.o)
                0x0010fc2c                __syscall_lock_acquire
 .text.__syscall_lock_release
                0x0010fc30        0x4 C:/devkitPro/libctru/lib\libctru.a(syscalls.o)
                0x0010fc30                __syscall_lock_release
 .text.__syscall_lock_acquire_recursive
                0x0010fc34        0x4 C:/devkitPro/libctru/lib\libctru.a(syscalls.o)
                0x0010fc34                __syscall_lock_acquire_recursive
 .text.__syscall_lock_release_recursive
                0x0010fc38        0x4 C:/devkitPro/libctru/lib\libctru.a(syscalls.o)
                0x0010fc38                __syscall_lock_release_recursive
 .text.__syscall_exit
                0x0010fc3c        0x4 C:/devkitPro/libctru/lib\libctru.a(syscalls.o)
                0x0010fc3c                __syscall_exit
 .text.initThreadVars
                0x0010fc40       0x50 C:/devkitPro/libctru/lib\libctru.a(syscalls.o)
                0x0010fc40                initThreadVars
 .text.__system_initSyscalls
                0x0010fc90       0x80 C:/devkitPro/libctru/lib\libctru.a(syscalls.o)
                0x0010fc90                __system_initSyscalls
 .text.svcControlMemory
                0x0010fd10       0x20 C:/devkitPro/libctru/lib\libctru.a(svc.o)
                0x0010fd10                svcControlMemory
 .text.svcQueryMemory
                0x0010fd30       0x30 C:/devkitPro/libctru/lib\libctru.a(svc.o)
                0x0010fd30                svcQueryMemory
 .text.svcExitProcess
                0x0010fd60        0x8 C:/devkitPro/libctru/lib\libctru.a(svc.o)
                0x0010fd60                svcExitProcess
 .text.svcCreateThread
                0x0010fd68       0x20 C:/devkitPro/libctru/lib\libctru.a(svc.o)
                0x0010fd68                svcCreateThread
 .text.svcExitThread
                0x0010fd88        0x8 C:/devkitPro/libctru/lib\libctru.a(svc.o)
                0x0010fd88                svcExitThread
 .text.svcSleepThread
                0x0010fd90        0x8 C:/devkitPro/libctru/lib\libctru.a(svc.o)
                0x0010fd90                svcSleepThread
 .text.svcReleaseMutex
                0x0010fd98        0x8 C:/devkitPro/libctru/lib\libctru.a(svc.o)
                0x0010fd98                svcReleaseMutex
 .text.svcCreateEvent
                0x0010fda0       0x14 C:/devkitPro/libctru/lib\libctru.a(svc.o)
                0x0010fda0                svcCreateEvent
 .text.svcSignalEvent
                0x0010fdb4        0x8 C:/devkitPro/libctru/lib\libctru.a(svc.o)
                0x0010fdb4                svcSignalEvent
 .text.svcClearEvent
                0x0010fdbc        0x8 C:/devkitPro/libctru/lib\libctru.a(svc.o)
                0x0010fdbc                svcClearEvent
 .text.svcMapMemoryBlock
                0x0010fdc4        0x8 C:/devkitPro/libctru/lib\libctru.a(svc.o)
                0x0010fdc4                svcMapMemoryBlock
 .text.svcUnmapMemoryBlock
                0x0010fdcc        0x8 C:/devkitPro/libctru/lib\libctru.a(svc.o)
                0x0010fdcc                svcUnmapMemoryBlock
 .text.svcCreateAddressArbiter
                0x0010fdd4       0x14 C:/devkitPro/libctru/lib\libctru.a(svc.o)
                0x0010fdd4                svcCreateAddressArbiter
 .text.svcArbitrateAddressNoTimeout
                0x0010fde8        0x8 C:/devkitPro/libctru/lib\libctru.a(svc.o)
                0x0010fde8                svcArbitrateAddressNoTimeout
 .text.svcCloseHandle
                0x0010fdf0        0x8 C:/devkitPro/libctru/lib\libctru.a(svc.o)
                0x0010fdf0                svcCloseHandle
 .text.svcWaitSynchronization
                0x0010fdf8        0x8 C:/devkitPro/libctru/lib\libctru.a(svc.o)
                0x0010fdf8                svcWaitSynchronization
 .text.svcWaitSynchronizationN
                0x0010fe00       0x28 C:/devkitPro/libctru/lib\libctru.a(svc.o)
                0x0010fe00                svcWaitSynchronizationN
 .text.svcDuplicateHandle
                0x0010fe28       0x14 C:/devkitPro/libctru/lib\libctru.a(svc.o)
                0x0010fe28                svcDuplicateHandle
 .text.svcGetSystemTick
                0x0010fe3c        0x8 C:/devkitPro/libctru/lib\libctru.a(svc.o)
                0x0010fe3c                svcGetSystemTick
 .text.svcConnectToPort
                0x0010fe44       0x14 C:/devkitPro/libctru/lib\libctru.a(svc.o)
                0x0010fe44                svcConnectToPort
 .text.svcSendSyncRequest
                0x0010fe58        0x8 C:/devkitPro/libctru/lib\libctru.a(svc.o)
                0x0010fe58                svcSendSyncRequest
 .text.svcGetResourceLimit
                0x0010fe60       0x14 C:/devkitPro/libctru/lib\libctru.a(svc.o)
                0x0010fe60                svcGetResourceLimit
 .text.svcGetResourceLimitLimitValues
                0x0010fe74        0x8 C:/devkitPro/libctru/lib\libctru.a(svc.o)
                0x0010fe74                svcGetResourceLimitLimitValues
 .text.svcGetResourceLimitCurrentValues
                0x0010fe7c        0x8 C:/devkitPro/libctru/lib\libctru.a(svc.o)
                0x0010fe7c                svcGetResourceLimitCurrentValues
 .text.svcBreak
                0x0010fe84        0x8 C:/devkitPro/libctru/lib\libctru.a(svc.o)
                0x0010fe84                svcBreak
 .text.__aeabi_read_tp
                0x0010fe8c        0xc C:/devkitPro/libctru/lib\libctru.a(readtp.o)
                0x0010fe8c                __aeabi_read_tp
 .text.initSystem
                0x0010fe98       0x50 C:/devkitPro/libctru/lib\libctru.a(stack_adjust.o)
                0x0010fe98                initSystem
 .text.__ctru_exit
                0x0010fee8       0x14 C:/devkitPro/libctru/lib\libctru.a(stack_adjust.o)
                0x0010fee8                __ctru_exit
 .text.envGetHandle
                0x0010fefc       0x84 C:/devkitPro/libctru/lib\libctru.a(env.o)
                0x0010fefc                envGetHandle
 .text.envDestroyHandles
                0x0010ff80       0x50 C:/devkitPro/libctru/lib\libctru.a(env.o)
                0x0010ff80                envDestroyHandles
 .text.srvInit  0x0010ffd0      0x12c C:/devkitPro/libctru/lib\libctru.a(srv.o)
                0x0010ffd0                srvInit
 .text.srvExit  0x001100fc       0x58 C:/devkitPro/libctru/lib\libctru.a(srv.o)
                0x001100fc                srvExit
 .text.srvEnableNotification
                0x00110154       0x60 C:/devkitPro/libctru/lib\libctru.a(srv.o)
                0x00110154                srvEnableNotification
 .text.srvGetServiceHandleDirect
                0x001101b4       0xa0 C:/devkitPro/libctru/lib\libctru.a(srv.o)
                0x001101b4                srvGetServiceHandleDirect
 .text.srvGetServiceHandle
                0x00110254       0x38 C:/devkitPro/libctru/lib\libctru.a(srv.o)
                0x00110254                srvGetServiceHandle
 .text.srvSubscribe
                0x0011028c       0x34 C:/devkitPro/libctru/lib\libctru.a(srv.o)
                0x0011028c                srvSubscribe
 .text.srvReceiveNotification
                0x001102c0       0x60 C:/devkitPro/libctru/lib\libctru.a(srv.o)
                0x001102c0                srvReceiveNotification
 .text.srvPublishToSubscriber
                0x00110320       0x38 C:/devkitPro/libctru/lib\libctru.a(srv.o)
                0x00110320                srvPublishToSubscriber
 .text.__sync_init
                0x00110358        0xc C:/devkitPro/libctru/lib\libctru.a(synchronization.o)
                0x00110358                __sync_init
 .text.__sync_fini
                0x00110364       0x18 C:/devkitPro/libctru/lib\libctru.a(synchronization.o)
                0x00110364                __sync_fini
 .text.syncArbitrateAddress
                0x0011037c       0x2c C:/devkitPro/libctru/lib\libctru.a(synchronization.o)
                0x0011037c                syncArbitrateAddress
 .text.LightLock_Lock
                0x001103a8       0xb0 C:/devkitPro/libctru/lib\libctru.a(synchronization.o)
                0x001103a8                LightLock_Lock
 .text.LightLock_Unlock
                0x00110458       0x40 C:/devkitPro/libctru/lib\libctru.a(synchronization.o)
                0x00110458                LightLock_Unlock
 .text.RecursiveLock_Lock
                0x00110498       0x30 C:/devkitPro/libctru/lib\libctru.a(synchronization.o)
                0x00110498                RecursiveLock_Lock
 .text.RecursiveLock_Unlock
                0x001104c8       0x54 C:/devkitPro/libctru/lib\libctru.a(synchronization.o)
                0x001104c8                RecursiveLock_Unlock
 .text.LightEvent_Init
                0x0011051c       0x40 C:/devkitPro/libctru/lib\libctru.a(synchronization.o)
                0x0011051c                LightEvent_Init
 .text.LightEvent_Clear
                0x0011055c       0xa4 C:/devkitPro/libctru/lib\libctru.a(synchronization.o)
                0x0011055c                LightEvent_Clear
 .text.LightEvent_Signal
                0x00110600       0xc8 C:/devkitPro/libctru/lib\libctru.a(synchronization.o)
                0x00110600                LightEvent_Signal
 .text.LightEvent_TryWait
                0x001106c8       0x50 C:/devkitPro/libctru/lib\libctru.a(synchronization.o)
                0x001106c8                LightEvent_TryWait
 .text.LightEvent_Wait
                0x00110718       0xa0 C:/devkitPro/libctru/lib\libctru.a(synchronization.o)
                0x00110718                LightEvent_Wait
 .text.threadCreate
                0x001107b8      0x1d4 C:/devkitPro/libctru/lib\libctru.a(thread.o)
                0x001107b8                threadCreate
 .text.threadFree
                0x0011098c       0x2c C:/devkitPro/libctru/lib\libctru.a(thread.o)
                0x0011098c                threadFree
 .text.threadJoin
                0x001109b8       0x24 C:/devkitPro/libctru/lib\libctru.a(thread.o)
                0x001109b8                threadJoin
 .text.threadGetCurrent
                0x001109dc       0x30 C:/devkitPro/libctru/lib\libctru.a(thread.o)
                0x001109dc                threadGetCurrent
 .text.threadExit
                0x00110a0c       0x40 C:/devkitPro/libctru/lib\libctru.a(thread.o)
                0x00110a0c                threadExit
 .text._thread_begin
                0x00110a4c       0x20 C:/devkitPro/libctru/lib\libctru.a(thread.o)
 .text.mappableFindAddressWithin
                0x00110a6c       0x90 C:/devkitPro/libctru/lib\libctru.a(mappable.o)
 .text.mappableInit
                0x00110afc       0x28 C:/devkitPro/libctru/lib\libctru.a(mappable.o)
                0x00110afc                mappableInit
 .text.mappableAlloc
                0x00110b24       0x80 C:/devkitPro/libctru/lib\libctru.a(mappable.o)
                0x00110b24                mappableAlloc
 .text.mappableFree
                0x00110ba4        0x4 C:/devkitPro/libctru/lib\libctru.a(mappable.o)
                0x00110ba4                mappableFree
 .text.srvPmGetSessionHandle
                0x00110ba8        0xc C:/devkitPro/libctru/lib\libctru.a(srvpm.o)
                0x00110ba8                srvPmGetSessionHandle
 .text.rbtree_node_next
                0x00110bb4       0x5c C:/devkitPro/libctru/lib\libctru.a(rbtree_iterator.o)
                0x00110bb4                rbtree_node_next
 .text.decode_utf16
                0x00110c10       0x64 C:/devkitPro/libctru/lib\libctru.a(decode_utf16.o)
                0x00110c10                decode_utf16
 .text.decode_utf8
                0x00110c74      0x13c C:/devkitPro/libctru/lib\libctru.a(decode_utf8.o)
                0x00110c74                decode_utf8
 .text.encode_utf16
                0x00110db0       0x54 C:/devkitPro/libctru/lib\libctru.a(encode_utf16.o)
                0x00110db0                encode_utf16
 .text.encode_utf8
                0x00110e04       0xe0 C:/devkitPro/libctru/lib\libctru.a(encode_utf8.o)
                0x00110e04                encode_utf8
 .text.__appExit
                0x00110ee4       0x30 C:/devkitPro/libctru/lib\libctru.a(appExit.o)
                0x00110ee4                __appExit
 .text.__appInit
                0x00110f14       0x30 C:/devkitPro/libctru/lib\libctru.a(appInit.o)
                0x00110f14                __appInit
 .text.__libctru_exit
                0x00110f44       0x90 C:/devkitPro/libctru/lib\libctru.a(ctru_exit.o)
                0x00110f44                __libctru_exit
 .text.archive_link
                0x00110fd4       0x14 C:/devkitPro/libctru/lib\libctru.a(archive_dev.o)
 .text.archive_dirreset
                0x00110fe8       0x14 C:/devkitPro/libctru/lib\libctru.a(archive_dev.o)
 .text.archive_chmod
                0x00110ffc       0x14 C:/devkitPro/libctru/lib\libctru.a(archive_dev.o)
 .text.error_cmp
                0x00111010       0x24 C:/devkitPro/libctru/lib\libctru.a(archive_dev.o)
 .text.archive_translate_error
                0x00111034       0x50 C:/devkitPro/libctru/lib\libctru.a(archive_dev.o)
 .text.archive_seek
                0x00111084       0xc4 C:/devkitPro/libctru/lib\libctru.a(archive_dev.o)
 .text._archiveInit.part.0
                0x00111148       0x78 C:/devkitPro/libctru/lib\libctru.a(archive_dev.o)
 .text.archiveFindDevice.part.0
                0x001111c0       0xc4 C:/devkitPro/libctru/lib\libctru.a(archive_dev.o)
 .text.archive_utf16path
                0x00111284      0x290 C:/devkitPro/libctru/lib\libctru.a(archive_dev.o)
 .text._archiveUnmountDeviceStruct.part.0
                0x00111514       0x9c C:/devkitPro/libctru/lib\libctru.a(archive_dev.o)
 .text.archive_statvfs
                0x001115b0       0x14 C:/devkitPro/libctru/lib\libctru.a(archive_dev.o)
 .text.archive_fchmod
                0x001115c4       0x14 C:/devkitPro/libctru/lib\libctru.a(archive_dev.o)
 .text._archiveMountDevice
                0x001115d8      0x168 C:/devkitPro/libctru/lib\libctru.a(archive_dev.o)
 .text.archive_diropen
                0x00111740       0xe8 C:/devkitPro/libctru/lib\libctru.a(archive_dev.o)
 .text.archive_fstat
                0x00111828       0xa4 C:/devkitPro/libctru/lib\libctru.a(archive_dev.o)
 .text.archive_fsync
                0x001118cc       0x6c C:/devkitPro/libctru/lib\libctru.a(archive_dev.o)
 .text.archive_close
                0x00111938       0x6c C:/devkitPro/libctru/lib\libctru.a(archive_dev.o)
 .text.archive_dirclose
                0x001119a4       0x70 C:/devkitPro/libctru/lib\libctru.a(archive_dev.o)
 .text.sdmc_statvfs
                0x00111a14       0xe4 C:/devkitPro/libctru/lib\libctru.a(archive_dev.o)
 .text.archive_chdir
                0x00111af8       0xec C:/devkitPro/libctru/lib\libctru.a(archive_dev.o)
 .text.archive_ftruncate
                0x00111be4       0x7c C:/devkitPro/libctru/lib\libctru.a(archive_dev.o)
 .text.archive_read
                0x00111c60       0xac C:/devkitPro/libctru/lib\libctru.a(archive_dev.o)
 .text.archive_unlink
                0x00111d0c       0xa4 C:/devkitPro/libctru/lib\libctru.a(archive_dev.o)
 .text.archive_rmdir
                0x00111db0       0xbc C:/devkitPro/libctru/lib\libctru.a(archive_dev.o)
 .text.archive_mkdir
                0x00111e6c       0xdc C:/devkitPro/libctru/lib\libctru.a(archive_dev.o)
 .text.archive_stat
                0x00111f48      0x194 C:/devkitPro/libctru/lib\libctru.a(archive_dev.o)
 .text.archive_dirnext
                0x001120dc      0x15c C:/devkitPro/libctru/lib\libctru.a(archive_dev.o)
 .text.archive_write
                0x00112238      0x124 C:/devkitPro/libctru/lib\libctru.a(archive_dev.o)
 *fill*         0x0011235c        0x4 
 .text.archive_open
                0x00112360      0x210 C:/devkitPro/libctru/lib\libctru.a(archive_dev.o)
 .text.archive_rename
                0x00112570      0x268 C:/devkitPro/libctru/lib\libctru.a(archive_dev.o)
 .text.archiveMountSdmc
                0x001127d8      0x19c C:/devkitPro/libctru/lib\libctru.a(archive_dev.o)
                0x001127d8                archiveMountSdmc
 .text.archiveUnmountAll
                0x00112974       0x54 C:/devkitPro/libctru/lib\libctru.a(archive_dev.o)
                0x00112974                archiveUnmountAll
 .text.sinf     0x001129c8      0x25c C:/devkitPro/devkitARM/bin/../lib/gcc/arm-none-eabi/14.2.0/../../../../arm-none-eabi/lib/armv6k/fpu\libm.a(libm_a-sinf.o)
                0x001129c8                sinf
 .text.with_errnof
                0x00112c24       0x24 C:/devkitPro/devkitARM/bin/../lib/gcc/arm-none-eabi/14.2.0/../../../../arm-none-eabi/lib/armv6k/fpu\libm.a(libm_a-math_errf.o)
 .text.__math_invalidf
                0x00112c48       0x1c C:/devkitPro/devkitARM/bin/../lib/gcc/arm-none-eabi/14.2.0/../../../../arm-none-eabi/lib/armv6k/fpu\libm.a(libm_a-math_errf.o)
                0x00112c48                __math_invalidf
 *fill*         0x00112c64        0x4 
 .text.cosf     0x00112c68      0x21c C:/devkitPro/devkitARM/bin/../lib/gcc/arm-none-eabi/14.2.0/../../../../arm-none-eabi/lib/armv6k/fpu\libm.a(libm_a-cosf.o)
                0x00112c68                cosf
 .text.__udivmoddi4
                0x00112e84      0x120 C:/devkitPro/devkitARM/bin/../lib/gcc/arm-none-eabi/14.2.0/armv6k/fpu\libgcc.a(_udivmoddi4.o)
                0x00112e84                __udivmoddi4
 .text.strncmp  0x00112fa4       0xd8 C:/devkitPro/devkitARM/bin/../lib/gcc/arm-none-eabi/14.2.0/../../../../arm-none-eabi/lib/armv6k/fpu\libg.a(libc_a-strncmp.o)
                0x00112fa4                strncmp
 .text.strchr   0x0011307c      0x130 C:/devkitPro/devkitARM/bin/../lib/gcc/arm-none-eabi/14.2.0/../../../../arm-none-eabi/lib/armv6k/fpu\libg.a(libc_a-strchr.o)
                0x0011307c                strchr
 .text.strlen   0x001131ac       0x5c C:/devkitPro/devkitARM/bin/../lib/gcc/arm-none-eabi/14.2.0/../../../../arm-none-eabi/lib/armv6k/fpu\libg.a(libc_a-strlen-stub.o)
                0x001131ac                strlen
 .text.memcmp   0x00113208       0xd4 C:/devkitPro/devkitARM/bin/../lib/gcc/arm-none-eabi/14.2.0/../../../../arm-none-eabi/lib/armv6k/fpu\libg.a(libc_a-memcmp.o)
                0x00113208                memcmp
 .text._strtoul_l.isra.0
                0x001132dc      0x1e4 C:/devkitPro/devkitARM/bin/../lib/gcc/arm-none-eabi/14.2.0/../../../../arm-none-eabi/lib/armv6k/fpu\libg.a(libc_a-strtoul.o)
 .text.strtoul  0x001134c0       0x34 C:/devkitPro/devkitARM/bin/../lib/gcc/arm-none-eabi/14.2.0/../../../../arm-none-eabi/lib/armv6k/fpu\libg.a(libc_a-strtoul.o)
                0x001134c0                strtoul
 .text.strncat  0x001134f4       0xe4 C:/devkitPro/devkitARM/bin/../lib/gcc/arm-none-eabi/14.2.0/../../../../arm-none-eabi/lib/armv6k/fpu\libg.a(libc_a-strncat.o)
                0x001134f4                strncat
 .text.bsearch  0x001135d8       0x78 C:/devkitPro/devkitARM/bin/../lib/gcc/arm-none-eabi/14.2.0/../../../../arm-none-eabi/lib/armv6k/fpu\libg.a(libc_a-bsearch.o)
                0x001135d8                bsearch
 .text._fread_r
                0x00113650      0x344 C:/devkitPro/devkitARM/bin/../lib/gcc/arm-none-eabi/14.2.0/../../../../arm-none-eabi/lib/armv6k/fpu\libg.a(libc_a-fread.o)
                0x00113650                _fread_r
 .text.fread    0x00113994       0x38 C:/devkitPro/devkitARM/bin/../lib/gcc/arm-none-eabi/14.2.0/../../../../arm-none-eabi/lib/armv6k/fpu\libg.a(libc_a-fread.o)
                0x00113994                fread
 .text.calloc   0x001139cc       0x20 C:/devkitPro/devkitARM/bin/../lib/gcc/arm-none-eabi/14.2.0/../../../../arm-none-eabi/lib/armv6k/fpu\libg.a(libc_a-calloc.o)
                0x001139cc                calloc
 .text.lflush   0x001139ec       0x38 C:/devkitPro/devkitARM/bin/../lib/gcc/arm-none-eabi/14.2.0/../../../../arm-none-eabi/lib/armv6k/fpu\libg.a(libc_a-refill.o)
 .text.__srefill_r
                0x00113a24      0x19c C:/devkitPro/devkitARM/bin/../lib/gcc/arm-none-eabi/14.2.0/../../../../arm-none-eabi/lib/armv6k/fpu\libg.a(libc_a-refill.o)
                0x00113a24                __srefill_r
 .text._fclose_r
                0x00113bc0      0x148 C:/devkitPro/devkitARM/bin/../lib/gcc/arm-none-eabi/14.2.0/../../../../arm-none-eabi/lib/armv6k/fpu\libg.a(libc_a-fclose.o)
                0x00113bc0                _fclose_r
 .text.fclose   0x00113d08       0x18 C:/devkitPro/devkitARM/bin/../lib/gcc/arm-none-eabi/14.2.0/../../../../arm-none-eabi/lib/armv6k/fpu\libg.a(libc_a-fclose.o)
                0x00113d08                fclose
 .text._calloc_r
                0x00113d20       0xc0 C:/devkitPro/devkitARM/bin/../lib/gcc/arm-none-eabi/14.2.0/../../../../arm-none-eabi/lib/armv6k/fpu\libg.a(libc_a-callocr.o)
                0x00113d20                _calloc_r
 .text.__smakebuf_r
                0x00113de0      0x144 C:/devkitPro/devkitARM/bin/../lib/gcc/arm-none-eabi/14.2.0/../../../../arm-none-eabi/lib/armv6k/fpu\libg.a(libc_a-makebuf.o)
                0x00113de0                __smakebuf_r
 .text.__swhatbuf_r
                0x00113f24       0x8c C:/devkitPro/devkitARM/bin/../lib/gcc/arm-none-eabi/14.2.0/../../../../arm-none-eabi/lib/armv6k/fpu\libg.a(libc_a-makebuf.o)
                0x00113f24                __swhatbuf_r
 .text.memalign
                0x00113fb0       0x20 C:/devkitPro/devkitARM/bin/../lib/gcc/arm-none-eabi/14.2.0/../../../../arm-none-eabi/lib/armv6k/fpu\libg.a(libc_a-malign.o)
                0x00113fb0                memalign
 .text.stdio_exit_handler
                0x00113fd0       0x1c C:/devkitPro/devkitARM/bin/../lib/gcc/arm-none-eabi/14.2.0/../../../../arm-none-eabi/lib/armv6k/fpu\libg.a(libc_a-findfp.o)
 .text.cleanup_stdio
                0x00113fec       0x5c C:/devkitPro/devkitARM/bin/../lib/gcc/arm-none-eabi/14.2.0/../../../../arm-none-eabi/lib/armv6k/fpu\libg.a(libc_a-findfp.o)
 .text.global_stdio_init.part.0
                0x00114048      0x154 C:/devkitPro/devkitARM/bin/../lib/gcc/arm-none-eabi/14.2.0/../../../../arm-none-eabi/lib/armv6k/fpu\libg.a(libc_a-findfp.o)
 .text.__sfp    0x0011419c      0x134 C:/devkitPro/devkitARM/bin/../lib/gcc/arm-none-eabi/14.2.0/../../../../arm-none-eabi/lib/armv6k/fpu\libg.a(libc_a-findfp.o)
                0x0011419c                __sfp
 .text.__sinit  0x001142d0       0x5c C:/devkitPro/devkitARM/bin/../lib/gcc/arm-none-eabi/14.2.0/../../../../arm-none-eabi/lib/armv6k/fpu\libg.a(libc_a-findfp.o)
                0x001142d0                __sinit
 .text.__sfp_lock_acquire
                0x0011432c        0xc C:/devkitPro/devkitARM/bin/../lib/gcc/arm-none-eabi/14.2.0/../../../../arm-none-eabi/lib/armv6k/fpu\libg.a(libc_a-findfp.o)
                0x0011432c                __sfp_lock_acquire
 .text.__sfp_lock_release
                0x00114338        0xc C:/devkitPro/devkitARM/bin/../lib/gcc/arm-none-eabi/14.2.0/../../../../arm-none-eabi/lib/armv6k/fpu\libg.a(libc_a-findfp.o)
                0x00114338                __sfp_lock_release
 .text._malloc_r
                0x00114344      0x7e8 C:/devkitPro/devkitARM/bin/../lib/gcc/arm-none-eabi/14.2.0/../../../../arm-none-eabi/lib/armv6k/fpu\libg.a(libc_a-mallocr.o)
                0x00114344                _malloc_r
 .text._malloc_trim_r
                0x00114b2c       0xf8 C:/devkitPro/devkitARM/bin/../lib/gcc/arm-none-eabi/14.2.0/../../../../arm-none-eabi/lib/armv6k/fpu\libg.a(libc_a-freer.o)
                0x00114b2c                _malloc_trim_r
 .text._free_r  0x00114c24      0x300 C:/devkitPro/devkitARM/bin/../lib/gcc/arm-none-eabi/14.2.0/../../../../arm-none-eabi/lib/armv6k/fpu\libg.a(libc_a-freer.o)
                0x00114c24                _free_r
 .text.setvbuf  0x00114f24      0x294 C:/devkitPro/devkitARM/bin/../lib/gcc/arm-none-eabi/14.2.0/../../../../arm-none-eabi/lib/armv6k/fpu\libg.a(libc_a-setvbuf.o)
                0x00114f24                setvbuf
 .text.strnlen  0x001151b8       0x4c C:/devkitPro/devkitARM/bin/../lib/gcc/arm-none-eabi/14.2.0/../../../../arm-none-eabi/lib/armv6k/fpu\libg.a(libc_a-strnlen.o)
                0x001151b8                strnlen
 .text.__errno  0x00115204        0xc C:/devkitPro/devkitARM/bin/../lib/gcc/arm-none-eabi/14.2.0/../../../../arm-none-eabi/lib/armv6k/fpu\libg.a(libc_a-errno.o)
                0x00115204                __errno
 .text.malloc   0x00115210       0x34 C:/devkitPro/devkitARM/bin/../lib/gcc/arm-none-eabi/14.2.0/../../../../arm-none-eabi/lib/armv6k/fpu\libg.a(libc_a-malloc.o)
                0x00115210                malloc
 .text.free     0x00115244       0x18 C:/devkitPro/devkitARM/bin/../lib/gcc/arm-none-eabi/14.2.0/../../../../arm-none-eabi/lib/armv6k/fpu\libg.a(libc_a-malloc.o)
                0x00115244                free
 .text.memcpy   0x0011525c      0x130 C:/devkitPro/devkitARM/bin/../lib/gcc/arm-none-eabi/14.2.0/../../../../arm-none-eabi/lib/armv6k/fpu\libg.a(libc_a-memcpy-stub.o)
                0x0011525c                memcpy
 .text._fopen_r
                0x0011538c      0x134 C:/devkitPro/devkitARM/bin/../lib/gcc/arm-none-eabi/14.2.0/../../../../arm-none-eabi/lib/armv6k/fpu\libg.a(libc_a-fopen.o)
                0x0011538c                _fopen_r
 .text.fopen    0x001154c0       0x20 C:/devkitPro/devkitARM/bin/../lib/gcc/arm-none-eabi/14.2.0/../../../../arm-none-eabi/lib/armv6k/fpu\libg.a(libc_a-fopen.o)
                0x001154c0                fopen
 .text.time     0x001154e0       0x4c C:/devkitPro/devkitARM/bin/../lib/gcc/arm-none-eabi/14.2.0/../../../../arm-none-eabi/lib/armv6k/fpu\libg.a(libc_a-time.o)
                0x001154e0                time
 .text.memset   0x0011552c       0xe8 C:/devkitPro/devkitARM/bin/../lib/gcc/arm-none-eabi/14.2.0/../../../../arm-none-eabi/lib/armv6k/fpu\libg.a(libc_a-memset.o)
                0x0011552c                memset
 .text._fwalk_sglue
                0x00115614       0x70 C:/devkitPro/devkitARM/bin/../lib/gcc/arm-none-eabi/14.2.0/../../../../arm-none-eabi/lib/armv6k/fpu\libg.a(libc_a-fwalk.o)
                0x00115614                _fwalk_sglue
 .text.__malloc_lock
                0x00115684        0xc C:/devkitPro/devkitARM/bin/../lib/gcc/arm-none-eabi/14.2.0/../../../../arm-none-eabi/lib/armv6k/fpu\libg.a(libc_a-mlock.o)
                0x00115684                __malloc_lock
 .text.__malloc_unlock
                0x00115690        0xc C:/devkitPro/devkitARM/bin/../lib/gcc/arm-none-eabi/14.2.0/../../../../arm-none-eabi/lib/armv6k/fpu\libg.a(libc_a-mlock.o)
                0x00115690                __malloc_unlock
 .text.__call_exitprocs
                0x0011569c        0x4 C:/devkitPro/devkitARM/bin/../lib/gcc/arm-none-eabi/14.2.0/../../../../arm-none-eabi/lib/armv6k/fpu\libg.a(libc_a-exit.o)
                0x0011569c                __call_exitprocs
 .text.exit     0x001156a0       0x30 C:/devkitPro/devkitARM/bin/../lib/gcc/arm-none-eabi/14.2.0/../../../../arm-none-eabi/lib/armv6k/fpu\libg.a(libc_a-exit.o)
                0x001156a0                exit
 .text._fseek_r
                0x001156d0       0x1c C:/devkitPro/devkitARM/bin/../lib/gcc/arm-none-eabi/14.2.0/../../../../arm-none-eabi/lib/armv6k/fpu\libg.a(libc_a-fseek.o)
                0x001156d0                _fseek_r
 .text.strncpy  0x001156ec       0xc4 C:/devkitPro/devkitARM/bin/../lib/gcc/arm-none-eabi/14.2.0/../../../../arm-none-eabi/lib/armv6k/fpu\libg.a(libc_a-strncpy.o)
                0x001156ec                strncpy
 .text.__sflags
                0x001157b0       0xb4 C:/devkitPro/devkitARM/bin/../lib/gcc/arm-none-eabi/14.2.0/../../../../arm-none-eabi/lib/armv6k/fpu\libg.a(libc_a-flags.o)
                0x001157b0                __sflags
 .text.__libc_init_array
                0x00115864       0x84 C:/devkitPro/devkitARM/bin/../lib/gcc/arm-none-eabi/14.2.0/../../../../arm-none-eabi/lib/armv6k/fpu\libg.a(libc_a-init.o)
                0x00115864                __libc_init_array
 .text.__sflush_r
                0x001158e8      0x228 C:/devkitPro/devkitARM/bin/../lib/gcc/arm-none-eabi/14.2.0/../../../../arm-none-eabi/lib/armv6k/fpu\libg.a(libc_a-fflush.o)
                0x001158e8                __sflush_r
 .text._fflush_r
                0x00115b10       0x94 C:/devkitPro/devkitARM/bin/../lib/gcc/arm-none-eabi/14.2.0/../../../../arm-none-eabi/lib/armv6k/fpu\libg.a(libc_a-fflush.o)
                0x00115b10                _fflush_r
 .text._memalign_r
                0x00115ba4      0x150 C:/devkitPro/devkitARM/bin/../lib/gcc/arm-none-eabi/14.2.0/../../../../arm-none-eabi/lib/armv6k/fpu\libg.a(libc_a-malignr.o)
                0x00115ba4                _memalign_r
 .text.__libc_fini_array
                0x00115cf4       0x3c C:/devkitPro/devkitARM/bin/../lib/gcc/arm-none-eabi/14.2.0/../../../../arm-none-eabi/lib/armv6k/fpu\libg.a(libc_a-fini.o)
                0x00115cf4                __libc_fini_array
 .text._fseeko_r
                0x00115d30      0x58c C:/devkitPro/devkitARM/bin/../lib/gcc/arm-none-eabi/14.2.0/../../../../arm-none-eabi/lib/armv6k/fpu\libg.a(libc_a-fseeko.o)
                0x00115d30                _fseeko_r
 .text.__sread  0x001162bc       0x44 C:/devkitPro/devkitARM/bin/../lib/gcc/arm-none-eabi/14.2.0/../../../../arm-none-eabi/lib/armv6k/fpu\libg.a(libc_a-stdio.o)
                0x001162bc                __sread
 .text.__swrite
                0x00116300       0x68 C:/devkitPro/devkitARM/bin/../lib/gcc/arm-none-eabi/14.2.0/../../../../arm-none-eabi/lib/armv6k/fpu\libg.a(libc_a-stdio.o)
                0x00116300                __swrite
 .text.__sseek  0x00116368       0x40 C:/devkitPro/devkitARM/bin/../lib/gcc/arm-none-eabi/14.2.0/../../../../arm-none-eabi/lib/armv6k/fpu\libg.a(libc_a-stdio.o)
                0x00116368                __sseek
 .text.__sclose
                0x001163a8        0x8 C:/devkitPro/devkitARM/bin/../lib/gcc/arm-none-eabi/14.2.0/../../../../arm-none-eabi/lib/armv6k/fpu\libg.a(libc_a-stdio.o)
                0x001163a8                __sclose
 .text._exit    0x001163b0       0x20 C:/devkitPro/devkitARM/bin/../lib/gcc/arm-none-eabi/14.2.0/../../../../arm-none-eabi/lib/armv6k/fpu\libsysbase.a(libsysbase_libsysbase_a-_exit.o)
                0x001163b0                _exit
 .text.chdir    0x001163d0      0x13c C:/devkitPro/devkitARM/bin/../lib/gcc/arm-none-eabi/14.2.0/../../../../arm-none-eabi/lib/armv6k/fpu\libsysbase.a(libsysbase_libsysbase_a-chdir.o)
                0x001163d0                chdir
 .text._concatenate_path
                0x0011650c      0x1cc C:/devkitPro/devkitARM/bin/../lib/gcc/arm-none-eabi/14.2.0/../../../../arm-none-eabi/lib/armv6k/fpu\libsysbase.a(libsysbase_libsysbase_a-concatenate.o)
                0x0011650c                _concatenate_path
 .text._fstat_r
                0x001166d8       0x88 C:/devkitPro/devkitARM/bin/../lib/gcc/arm-none-eabi/14.2.0/../../../../arm-none-eabi/lib/armv6k/fpu\libsysbase.a(libsysbase_libsysbase_a-fstat.o)
                0x001166d8                _fstat_r
 .text.__getreent
                0x00116760       0x2c C:/devkitPro/devkitARM/bin/../lib/gcc/arm-none-eabi/14.2.0/../../../../arm-none-eabi/lib/armv6k/fpu\libsysbase.a(libsysbase_libsysbase_a-getreent.o)
                0x00116760                __getreent
 .text._gettimeofday_r
                0x0011678c       0x30 C:/devkitPro/devkitARM/bin/../lib/gcc/arm-none-eabi/14.2.0/../../../../arm-none-eabi/lib/armv6k/fpu\libsysbase.a(libsysbase_libsysbase_a-gettod.o)
                0x0011678c                _gettimeofday_r
 .text.__release_handle
                0x001167bc       0x8c C:/devkitPro/devkitARM/bin/../lib/gcc/arm-none-eabi/14.2.0/../../../../arm-none-eabi/lib/armv6k/fpu\libsysbase.a(libsysbase_libsysbase_a-handle_manager.o)
                0x001167bc                __release_handle
 .text.__alloc_handle
                0x00116848       0xb0 C:/devkitPro/devkitARM/bin/../lib/gcc/arm-none-eabi/14.2.0/../../../../arm-none-eabi/lib/armv6k/fpu\libsysbase.a(libsysbase_libsysbase_a-handle_manager.o)
                0x00116848                __alloc_handle
 .text.__get_handle
                0x001168f8       0x3c C:/devkitPro/devkitARM/bin/../lib/gcc/arm-none-eabi/14.2.0/../../../../arm-none-eabi/lib/armv6k/fpu\libsysbase.a(libsysbase_libsysbase_a-handle_manager.o)
                0x001168f8                __get_handle
 .text._close_r
                0x00116934       0xf4 C:/devkitPro/devkitARM/bin/../lib/gcc/arm-none-eabi/14.2.0/../../../../arm-none-eabi/lib/armv6k/fpu\libsysbase.a(libsysbase_libsysbase_a-handle_manager.o)
                0x00116934                _close_r
 .text.null_write
                0x00116a28        0x8 C:/devkitPro/devkitARM/bin/../lib/gcc/arm-none-eabi/14.2.0/../../../../arm-none-eabi/lib/armv6k/fpu\libsysbase.a(libsysbase_libsysbase_a-iosupport.o)
 .text.setDefaultDevice
                0x00116a30       0x18 C:/devkitPro/devkitARM/bin/../lib/gcc/arm-none-eabi/14.2.0/../../../../arm-none-eabi/lib/armv6k/fpu\libsysbase.a(libsysbase_libsysbase_a-iosupport.o)
                0x00116a30                setDefaultDevice
 .text.FindDevice
                0x00116a48       0xc8 C:/devkitPro/devkitARM/bin/../lib/gcc/arm-none-eabi/14.2.0/../../../../arm-none-eabi/lib/armv6k/fpu\libsysbase.a(libsysbase_libsysbase_a-iosupport.o)
                0x00116a48                FindDevice
 .text.RemoveDevice
                0x00116b10       0x28 C:/devkitPro/devkitARM/bin/../lib/gcc/arm-none-eabi/14.2.0/../../../../arm-none-eabi/lib/armv6k/fpu\libsysbase.a(libsysbase_libsysbase_a-iosupport.o)
                0x00116b10                RemoveDevice
 .text.AddDevice
                0x00116b38       0x98 C:/devkitPro/devkitARM/bin/../lib/gcc/arm-none-eabi/14.2.0/../../../../arm-none-eabi/lib/armv6k/fpu\libsysbase.a(libsysbase_libsysbase_a-iosupport.o)
                0x00116b38                AddDevice
 .text.GetDeviceOpTab
                0x00116bd0       0x20 C:/devkitPro/devkitARM/bin/../lib/gcc/arm-none-eabi/14.2.0/../../../../arm-none-eabi/lib/armv6k/fpu\libsysbase.a(libsysbase_libsysbase_a-iosupport.o)
                0x00116bd0                GetDeviceOpTab
 .text._isatty_r
                0x00116bf0        0x8 C:/devkitPro/devkitARM/bin/../lib/gcc/arm-none-eabi/14.2.0/../../../../arm-none-eabi/lib/armv6k/fpu\libsysbase.a(libsysbase_libsysbase_a-isatty.o)
                0x00116bf0                _isatty_r
 .text._lseek_r
                0x00116bf8       0x8c C:/devkitPro/devkitARM/bin/../lib/gcc/arm-none-eabi/14.2.0/../../../../arm-none-eabi/lib/armv6k/fpu\libsysbase.a(libsysbase_libsysbase_a-lseek.o)
                0x00116bf8                _lseek_r
 .text._open_r  0x00116c84       0xbc C:/devkitPro/devkitARM/bin/../lib/gcc/arm-none-eabi/14.2.0/../../../../arm-none-eabi/lib/armv6k/fpu\libsysbase.a(libsysbase_libsysbase_a-open.o)
                0x00116c84                _open_r
 .text._read_r  0x00116d40       0x88 C:/devkitPro/devkitARM/bin/../lib/gcc/arm-none-eabi/14.2.0/../../../../arm-none-eabi/lib/armv6k/fpu\libsysbase.a(libsysbase_libsysbase_a-read.o)
                0x00116d40                _read_r
 .text._sbrk_r  0x00116dc8       0x78 C:/devkitPro/devkitARM/bin/../lib/gcc/arm-none-eabi/14.2.0/../../../../arm-none-eabi/lib/armv6k/fpu\libsysbase.a(libsysbase_libsysbase_a-sbrk.o)
                0x00116dc8                _sbrk_r
 .text.__libc_lock_acquire
                0x00116e40       0x1c C:/devkitPro/devkitARM/bin/../lib/gcc/arm-none-eabi/14.2.0/../../../../arm-none-eabi/lib/armv6k/fpu\libsysbase.a(libsysbase_libsysbase_a-syscall_support.o)
                0x00116e40                __libc_lock_acquire
 .text.__libc_lock_release
                0x00116e5c       0x1c C:/devkitPro/devkitARM/bin/../lib/gcc/arm-none-eabi/14.2.0/../../../../arm-none-eabi/lib/armv6k/fpu\libsysbase.a(libsysbase_libsysbase_a-syscall_support.o)
                0x00116e5c                __libc_lock_release
 .text.__libc_lock_acquire_recursive
                0x00116e78       0x1c C:/devkitPro/devkitARM/bin/../lib/gcc/arm-none-eabi/14.2.0/../../../../arm-none-eabi/lib/armv6k/fpu\libsysbase.a(libsysbase_libsysbase_a-syscall_support.o)
                0x00116e78                __libc_lock_acquire_recursive
 .text.__libc_lock_release_recursive
                0x00116e94       0x1c C:/devkitPro/devkitARM/bin/../lib/gcc/arm-none-eabi/14.2.0/../../../../arm-none-eabi/lib/armv6k/fpu\libsysbase.a(libsysbase_libsysbase_a-syscall_support.o)
                0x00116e94                __libc_lock_release_recursive
 .text._write_r
                0x00116eb0       0x88 C:/devkitPro/devkitARM/bin/../lib/gcc/arm-none-eabi/14.2.0/../../../../arm-none-eabi/lib/armv6k/fpu\libsysbase.a(libsysbase_libsysbase_a-write.o)
                0x00116eb0                _write_r
 .text.strrchr  0x00116f38       0x48 C:/devkitPro/devkitARM/bin/../lib/gcc/arm-none-eabi/14.2.0/../../../../arm-none-eabi/lib/armv6k/fpu\libg.a(libc_a-strrchr.o)
                0x00116f38                strrchr
 *(.glue_7)
 .glue_7        0x00116f80        0x0 linker stubs
 *(.glue_7t)
 .glue_7t       0x00116f80        0x0 linker stubs
 *(.stub)
 *(.gnu.warning)
 *(.gnu.linkonce.t*)
                0x00116f80                        . = ALIGN (0x4)
 *(.fini)
 .fini          0x00116f80        0xc C:/devkitPro/devkitARM/bin/../lib/gcc/arm-none-eabi/14.2.0/armv6k/fpu/crti.o
                0x00116f80                _fini
 .fini          0x00116f8c        0xc C:/devkitPro/devkitARM/bin/../lib/gcc/arm-none-eabi/14.2.0/armv6k/fpu/crtn.o
                0x00116f98                        . = ALIGN (0x4)

.vfp11_veneer   0x00116f98        0x0
 .vfp11_veneer  0x00116f98        0x0 linker stubs

.v4_bx          0x00116f98        0x0
 .v4_bx         0x00116f98        0x0 linker stubs

.iplt           0x00116f98        0x0
 .iplt          0x00116f98        0x0 C:/devkitPro/devkitARM/bin/../lib/gcc/arm-none-eabi/14.2.0/../../../../arm-none-eabi/lib/armv6k/fpu/3dsx_crt0.o
                0x00117000                        . = ALIGN (0x1000)

.rodata         0x00117000      0x760
 *(.rodata)
 .rodata        0x00117000        0xc C:/devkitPro/libctru/lib\libctru.a(romfs_dev.o)
 .rodata        0x0011700c        0xc C:/devkitPro/libctru/lib\libctru.a(archive_dev.o)
 *(.roda)
 *(.rodata.*)
 .rodata.str1.4
                0x00117018       0xfc level.o
                                 0x15 (size before relaxing)
 .rodata.str1.4
                0x00117114       0x1a mario.o
 .rodata.str1.4
                0x00117114        0x6 mzmgame.o
 .rodata.C2D_Init.str1.4
                0x00117114       0x10 C:/devkitPro/libctru/lib\libcitro2d.a(base.o)
 .rodata.s_defaultTint.0
                0x00117114        0x8 C:/devkitPro/libctru/lib\libcitro2d.a(base.o)
 .rodata.C2D_SpriteSheetLoad.str1.4
                0x0011711c        0x3 C:/devkitPro/libctru/lib\libcitro2d.a(spritesheet.o)
 .rodata.render2d_shbin
                0x0011711c      0x190 C:/devkitPro/libctru/lib\libcitro2d.a(render2d.shbin.o)
                0x0011711c                render2d_shbin
                0x001172a8                render2d_shbin_end
                0x001172a8                render2d_shbin_size
 .rodata.depthFmtSizes
                0x001172ac        0x4 C:/devkitPro/libctru/lib\libcitro3d.a(framebuffer.o)
 .rodata.colorFmtSizes
                0x001172b0        0x5 C:/devkitPro/libctru/lib\libcitro3d.a(framebuffer.o)
 *fill*         0x001172b5        0x3 
 .rodata.CSWTCH.11
                0x001172b8       0x10 C:/devkitPro/libctru/lib\libcitro3d.a(proctex.o)
 .rodata.CSWTCH.19
                0x001172c8       0x38 C:/devkitPro/libctru/lib\libcitro3d.a(texture.o)
 .rodata.romfs_dirnext.str1.4
                0x00117300        0x7 C:/devkitPro/libctru/lib\libctru.a(romfs_dev.o)
 .rodata.romfsMountSelf.str1.4
                0x00117300       0x19 C:/devkitPro/libctru/lib\libctru.a(romfs_dev.o)
 .rodata.str1.4
                0x00117300        0x1 C:/devkitPro/libctru/lib\libctru.a(romfs_dev.o)
 .rodata.romFS_devoptab
                0x00117300       0x80 C:/devkitPro/libctru/lib\libctru.a(romfs_dev.o)
 .rodata.DVLE_GenerateOutmap.part.0
                0x00117380        0x9 C:/devkitPro/libctru/lib\libctru.a(shbin.o)
 .rodata.aptSendCommand.str1.4
                0x00117389       0x16 C:/devkitPro/libctru/lib\libctru.a(apt.o)
 .rodata.aptEventHandler
                0x00117389        0xb C:/devkitPro/libctru/lib\libctru.a(apt.o)
 .rodata.aptWaitForWakeUp.isra.0
                0x00117394       0x11 C:/devkitPro/libctru/lib\libctru.a(apt.o)
 *fill*         0x001173a5        0x3 
 .rodata.morton_y.2
                0x001173a8        0x8 C:/devkitPro/libctru/lib\libctru.a(apt.o)
 .rodata.morton_x.3
                0x001173b0        0x8 C:/devkitPro/libctru/lib\libctru.a(apt.o)
 .rodata.s_sleepWakeEvents.4
                0x001173b8        0x8 C:/devkitPro/libctru/lib\libctru.a(apt.o)
 .rodata.fsInit.str1.4
                0x001173c0        0x8 C:/devkitPro/libctru/lib\libctru.a(fs.o)
 .rodata.gspInit.str1.4
                0x001173c0        0x9 C:/devkitPro/libctru/lib\libctru.a(gspgpu.o)
 .rodata.hidInit.str1.4
                0x001173c0       0x15 C:/devkitPro/libctru/lib\libctru.a(hid.o)
 .rodata.irrstInit.str1.4
                0x001173c0        0x7 C:/devkitPro/libctru/lib\libctru.a(irrst.o)
 .rodata.ptmSysmInit.str1.4
                0x001173c0        0x9 C:/devkitPro/libctru/lib\libctru.a(ptmsysm.o)
 .rodata.decompressV
                0x001173c0       0x21 C:/devkitPro/libctru/lib\libctru.a(decompress.o)
 .rodata.__system_initArgv.str1.4
                0x001173e1        0xa C:/devkitPro/libctru/lib\libctru.a(initArgv.o)
 .rodata.srvInit.str1.4
                0x001173e1        0x5 C:/devkitPro/libctru/lib\libctru.a(srv.o)
 .rodata.archive_utf16path.str1.4
                0x001173e1        0x2 C:/devkitPro/libctru/lib\libctru.a(archive_dev.o)
 .rodata._archiveUnmountDeviceStruct.part.0.str1.4
                0x001173e1        0x2 C:/devkitPro/libctru/lib\libctru.a(archive_dev.o)
 .rodata._archiveMountDevice.str1.4
                0x001173e1        0xc C:/devkitPro/libctru/lib\libctru.a(archive_dev.o)
 .rodata.archiveMountSdmc.str1.4
                0x001173e1        0x5 C:/devkitPro/libctru/lib\libctru.a(archive_dev.o)
 *fill*         0x001173e1        0x3 
 .rodata.error_table
                0x001173e4       0x30 C:/devkitPro/libctru/lib\libctru.a(archive_dev.o)
 .rodata.str1.4
                0x00117414        0x8 C:/devkitPro/libctru/lib\libctru.a(archive_dev.o)
 .rodata.archive_devoptab
                0x00117414       0x80 C:/devkitPro/libctru/lib\libctru.a(archive_dev.o)
 .rodata.__inv_pio4
                0x00117494       0x60 C:/devkitPro/devkitARM/bin/../lib/gcc/arm-none-eabi/14.2.0/../../../../arm-none-eabi/lib/armv6k/fpu\libm.a(libm_a-sincosf_data.o)
                0x00117494                __inv_pio4
 *fill*         0x001174f4        0x4 
 .rodata.__sincosf_table
                0x001174f8       0xe0 C:/devkitPro/devkitARM/bin/../lib/gcc/arm-none-eabi/14.2.0/../../../../arm-none-eabi/lib/armv6k/fpu\libm.a(libm_a-sincosf_data.o)
                0x001174f8                __sincosf_table
 .rodata._ctype_
                0x001175d8      0x101 C:/devkitPro/devkitARM/bin/../lib/gcc/arm-none-eabi/14.2.0/../../../../arm-none-eabi/lib/armv6k/fpu\libg.a(libc_a-ctype_.o)
                0x001175d8                _ctype_
 .rodata.AddDevice.str1.4
                0x001176d9        0x8 C:/devkitPro/devkitARM/bin/../lib/gcc/arm-none-eabi/14.2.0/../../../../arm-none-eabi/lib/armv6k/fpu\libsysbase.a(libsysbase_libsysbase_a-iosupport.o)
 *fill*         0x001176d9        0x3 
 .rodata.dotab_stdnull
                0x001176dc       0x80 C:/devkitPro/devkitARM/bin/../lib/gcc/arm-none-eabi/14.2.0/../../../../arm-none-eabi/lib/armv6k/fpu\libsysbase.a(libsysbase_libsysbase_a-iosupport.o)
                0x001176dc                dotab_stdnull
 *all.rodata*(*)
 *(.gnu.linkonce.r*)
                0x0011775c                        . = ALIGN (0x4)
                0x0011775c                        __tdata_align = .
                0x0011775c        0x4 LONG 0x4 ALIGNOF (.tdata)
                0x00117760                        . = ALIGN (0x4)

.eh_frame       0x00117760        0x0
 .eh_frame      0x00117760        0x0 C:/devkitPro/devkitARM/bin/../lib/gcc/arm-none-eabi/14.2.0/armv6k/fpu/crtbegin.o

.rel.dyn        0x00117760        0x0
 .rel.iplt      0x00117760        0x0 C:/devkitPro/devkitARM/bin/../lib/gcc/arm-none-eabi/14.2.0/../../../../arm-none-eabi/lib/armv6k/fpu/3dsx_crt0.o
 .rel.got       0x00117760        0x0 C:/devkitPro/devkitARM/bin/../lib/gcc/arm-none-eabi/14.2.0/../../../../arm-none-eabi/lib/armv6k/fpu/3dsx_crt0.o

.ARM.extab
 *(.ARM.extab* .gnu.linkonce.armextab.*)
                0x00117760                        __exidx_start = .

.ARM.exidx
 *(.ARM.exidx* .gnu.linkonce.armexidx.*)
                0x00117760                        __exidx_end = .
                0x00118000                        . = ALIGN (0x1000)

.data           0x00118000     0x1a1c
 *(.data)
 *(.data.*)
 .data.framerateCounter
                0x00118000        0x8 C:/devkitPro/libctru/lib\libcitro3d.a(renderqueue.o)
 .data.framerate
                0x00118008        0x4 C:/devkitPro/libctru/lib\libcitro3d.a(renderqueue.o)
 .data.queueLock
                0x0011800c        0x4 C:/devkitPro/libctru/lib\libctru.a(gxqueue.o)
 .data.aptChainloadDeliverArgSize
                0x00118010        0x4 C:/devkitPro/libctru/lib\libctru.a(apt.o)
 .data.kCount   0x00118014        0x4 C:/devkitPro/libctru/lib\libctru.a(hid.o)
 .data.kInterval
                0x00118018        0x4 C:/devkitPro/libctru/lib\libctru.a(hid.o)
 .data.kDelay   0x0011801c        0x4 C:/devkitPro/libctru/lib\libctru.a(hid.o)
 .data.__stacksize__
                0x00118020        0x4 C:/devkitPro/libctru/lib\libctru.a(stack_adjust.o)
                0x00118020                __stacksize__
 .data._impure_ptr
                0x00118024        0x4 C:/devkitPro/devkitARM/bin/../lib/gcc/arm-none-eabi/14.2.0/../../../../arm-none-eabi/lib/armv6k/fpu\libg.a(libc_a-impure.o)
                0x00118024                _impure_ptr
 .data._impure_data
                0x00118028      0x120 C:/devkitPro/devkitARM/bin/../lib/gcc/arm-none-eabi/14.2.0/../../../../arm-none-eabi/lib/armv6k/fpu\libg.a(libc_a-impure.o)
                0x00118028                _impure_data
 .data.__sglue  0x00118148        0xc C:/devkitPro/devkitARM/bin/../lib/gcc/arm-none-eabi/14.2.0/../../../../arm-none-eabi/lib/armv6k/fpu\libg.a(libc_a-findfp.o)
                0x00118148                __sglue
 .data.__malloc_sbrk_base
                0x00118154        0x4 C:/devkitPro/devkitARM/bin/../lib/gcc/arm-none-eabi/14.2.0/../../../../arm-none-eabi/lib/armv6k/fpu\libg.a(libc_a-mallocr.o)
                0x00118154                __malloc_sbrk_base
 .data.__malloc_trim_threshold